Archive member included to satisfy reference by file (symbol)

c:/program files (x86)/atmel/studio/7.0/toolchain/avr8/avr8-gnu-toolchain/bin/../lib/gcc/avr/4.9.2/../../../../avr/lib/avr51\libm.a(addsf3.o)
                              MotorController.o (__subsf3)
c:/program files (x86)/atmel/studio/7.0/toolchain/avr8/avr8-gnu-toolchain/bin/../lib/gcc/avr/4.9.2/../../../../avr/lib/avr51\libm.a(addsf3x.o)
                              c:/program files (x86)/atmel/studio/7.0/toolchain/avr8/avr8-gnu-toolchain/bin/../lib/gcc/avr/4.9.2/../../../../avr/lib/avr51\libm.a(addsf3.o) (__addsf3x)
c:/program files (x86)/atmel/studio/7.0/toolchain/avr8/avr8-gnu-toolchain/bin/../lib/gcc/avr/4.9.2/../../../../avr/lib/avr51\libm.a(cmpsf2.o)
                              RotateCrossing.o (__ltsf2)
c:/program files (x86)/atmel/studio/7.0/toolchain/avr8/avr8-gnu-toolchain/bin/../lib/gcc/avr/4.9.2/../../../../avr/lib/avr51\libm.a(fixsfsi.o)
                              MotorController.o (__fixsfsi)
c:/program files (x86)/atmel/studio/7.0/toolchain/avr8/avr8-gnu-toolchain/bin/../lib/gcc/avr/4.9.2/../../../../avr/lib/avr51\libm.a(fixunssfsi.o)
                              c:/program files (x86)/atmel/studio/7.0/toolchain/avr8/avr8-gnu-toolchain/bin/../lib/gcc/avr/4.9.2/../../../../avr/lib/avr51\libm.a(fixsfsi.o) (__fixunssfsi)
c:/program files (x86)/atmel/studio/7.0/toolchain/avr8/avr8-gnu-toolchain/bin/../lib/gcc/avr/4.9.2/../../../../avr/lib/avr51\libm.a(floatsisf.o)
                              MotorController.o (__floatsisf)
c:/program files (x86)/atmel/studio/7.0/toolchain/avr8/avr8-gnu-toolchain/bin/../lib/gcc/avr/4.9.2/../../../../avr/lib/avr51\libm.a(fp_cmp.o)
                              c:/program files (x86)/atmel/studio/7.0/toolchain/avr8/avr8-gnu-toolchain/bin/../lib/gcc/avr/4.9.2/../../../../avr/lib/avr51\libm.a(cmpsf2.o) (__fp_cmp)
c:/program files (x86)/atmel/studio/7.0/toolchain/avr8/avr8-gnu-toolchain/bin/../lib/gcc/avr/4.9.2/../../../../avr/lib/avr51\libm.a(fp_inf.o)
                              c:/program files (x86)/atmel/studio/7.0/toolchain/avr8/avr8-gnu-toolchain/bin/../lib/gcc/avr/4.9.2/../../../../avr/lib/avr51\libm.a(addsf3x.o) (__fp_inf)
c:/program files (x86)/atmel/studio/7.0/toolchain/avr8/avr8-gnu-toolchain/bin/../lib/gcc/avr/4.9.2/../../../../avr/lib/avr51\libm.a(fp_nan.o)
                              c:/program files (x86)/atmel/studio/7.0/toolchain/avr8/avr8-gnu-toolchain/bin/../lib/gcc/avr/4.9.2/../../../../avr/lib/avr51\libm.a(addsf3x.o) (__fp_nan)
c:/program files (x86)/atmel/studio/7.0/toolchain/avr8/avr8-gnu-toolchain/bin/../lib/gcc/avr/4.9.2/../../../../avr/lib/avr51\libm.a(fp_pscA.o)
                              c:/program files (x86)/atmel/studio/7.0/toolchain/avr8/avr8-gnu-toolchain/bin/../lib/gcc/avr/4.9.2/../../../../avr/lib/avr51\libm.a(addsf3x.o) (__fp_pscA)
c:/program files (x86)/atmel/studio/7.0/toolchain/avr8/avr8-gnu-toolchain/bin/../lib/gcc/avr/4.9.2/../../../../avr/lib/avr51\libm.a(fp_pscB.o)
                              c:/program files (x86)/atmel/studio/7.0/toolchain/avr8/avr8-gnu-toolchain/bin/../lib/gcc/avr/4.9.2/../../../../avr/lib/avr51\libm.a(addsf3x.o) (__fp_pscB)
c:/program files (x86)/atmel/studio/7.0/toolchain/avr8/avr8-gnu-toolchain/bin/../lib/gcc/avr/4.9.2/../../../../avr/lib/avr51\libm.a(fp_round.o)
                              c:/program files (x86)/atmel/studio/7.0/toolchain/avr8/avr8-gnu-toolchain/bin/../lib/gcc/avr/4.9.2/../../../../avr/lib/avr51\libm.a(addsf3.o) (__fp_round)
c:/program files (x86)/atmel/studio/7.0/toolchain/avr8/avr8-gnu-toolchain/bin/../lib/gcc/avr/4.9.2/../../../../avr/lib/avr51\libm.a(fp_split3.o)
                              c:/program files (x86)/atmel/studio/7.0/toolchain/avr8/avr8-gnu-toolchain/bin/../lib/gcc/avr/4.9.2/../../../../avr/lib/avr51\libm.a(addsf3x.o) (__fp_split3)
c:/program files (x86)/atmel/studio/7.0/toolchain/avr8/avr8-gnu-toolchain/bin/../lib/gcc/avr/4.9.2/../../../../avr/lib/avr51\libm.a(fp_zero.o)
                              c:/program files (x86)/atmel/studio/7.0/toolchain/avr8/avr8-gnu-toolchain/bin/../lib/gcc/avr/4.9.2/../../../../avr/lib/avr51\libm.a(addsf3x.o) (__fp_zero)
c:/program files (x86)/atmel/studio/7.0/toolchain/avr8/avr8-gnu-toolchain/bin/../lib/gcc/avr/4.9.2/../../../../avr/lib/avr51\libm.a(gesf2.o)
                              SteeringModule.o (__gtsf2)
c:/program files (x86)/atmel/studio/7.0/toolchain/avr8/avr8-gnu-toolchain/bin/../lib/gcc/avr/4.9.2/../../../../avr/lib/avr51\libm.a(mulsf3.o)
                              MotorController.o (__mulsf3)
c:/program files (x86)/atmel/studio/7.0/toolchain/avr8/avr8-gnu-toolchain/bin/../lib/gcc/avr/4.9.2/../../../../avr/lib/avr51\libm.a(mulsf3x.o)
                              c:/program files (x86)/atmel/studio/7.0/toolchain/avr8/avr8-gnu-toolchain/bin/../lib/gcc/avr/4.9.2/../../../../avr/lib/avr51\libm.a(mulsf3.o) (__mulsf3x)
c:/program files (x86)/atmel/studio/7.0/toolchain/avr8/avr8-gnu-toolchain/bin/../lib/gcc/avr/4.9.2/avr51\libgcc.a(_exit.o)
                              C:/Program Files (x86)/Atmel/Studio/7.0/Packs/atmel/ATmega_DFP/1.0.90/gcc/dev/atmega1284p/avr51/crtatmega1284p.o (exit)
c:/program files (x86)/atmel/studio/7.0/toolchain/avr8/avr8-gnu-toolchain/bin/../lib/gcc/avr/4.9.2/avr51\libgcc.a(_tablejump2.o)
                              BusValues.o (__tablejump2__)
c:/program files (x86)/atmel/studio/7.0/toolchain/avr8/avr8-gnu-toolchain/bin/../lib/gcc/avr/4.9.2/avr51\libgcc.a(_copy_data.o)
                              RotateCrossing.o (__do_copy_data)
c:/program files (x86)/atmel/studio/7.0/toolchain/avr8/avr8-gnu-toolchain/bin/../lib/gcc/avr/4.9.2/avr51\libgcc.a(_clear_bss.o)
                              BusSlave.o (__do_clear_bss)

Allocating common symbols
Common symbol       size              file

IRBR                0x2               BusSlave.o
rotateSpeed         0x2               MotorController.o
distanceFront       0x2               BusSlave.o
timeTraveled        0x4               RotateCrossing.o
lastDirection       0x1               NewLabyrinthMemory.o
TWIdata             0x2               BusSlave.o
current_mode        0x1               ObjectDetection.o
justFoundTape       0x1               NewLabyrinthMemory.o
currentY            0x2               NewLabyrinthMemory.o
requested_current_angle
                    0x2               RotateCrossing.o
TWIcounter          0x2               BusSlave.o
IRFR                0x2               BusSlave.o
mode                0x2               BusSlave.o
exiting_junction    0x2               RotateCrossing.o
bestPathLength      0x2               NewLabyrinthMemory.o
current_useful_ultrasound
                    0x1               RotateCrossing.o
rotatedTime         0x4               RotateCrossing.o
currentStepInPath   0x2               NewLabyrinthMemory.o
bestPath            0xc8              NewLabyrinthMemory.o
currentX            0x2               NewLabyrinthMemory.o
currentAngle        0x2               BusSlave.o
hardMode            0x1               NewLabyrinthMemory.o
sensor              0x2               BusSlave.o
defaultSpeed        0x2               MotorController.o
bitArray            0x20              BusSlave.o
distanceBack        0x2               BusSlave.o
bestDirectionPath   0x32              NewLabyrinthMemory.o
goingIn             0x2               RotateCrossing.o
labyrinthmode       0x1               NewLabyrinthMemory.o
startbutton         0x2               BusSlave.o
reflex              0x2               BusSlave.o
IRFL                0x2               BusSlave.o
IRBL                0x2               BusSlave.o
labyrinth           0xbe              NewLabyrinthMemory.o

Discarded input sections

 .data          0x00000000        0x0 C:/Program Files (x86)/Atmel/Studio/7.0/Packs/atmel/ATmega_DFP/1.0.90/gcc/dev/atmega1284p/avr51/crtatmega1284p.o
 .bss           0x00000000        0x0 C:/Program Files (x86)/Atmel/Studio/7.0/Packs/atmel/ATmega_DFP/1.0.90/gcc/dev/atmega1284p/avr51/crtatmega1284p.o
 .text          0x00000000        0x0 BusSlave.o
 .data          0x00000000        0x0 BusSlave.o
 .bss           0x00000000        0x0 BusSlave.o
 .text          0x00000000        0x0 BusValues.o
 .data          0x00000000        0x0 BusValues.o
 .bss           0x00000000        0x0 BusValues.o
 .text          0x00000000        0x0 DebugHelp.o
 .data          0x00000000        0x0 DebugHelp.o
 .bss           0x00000000        0x0 DebugHelp.o
 .text.intToBitArray
                0x00000000       0x2e DebugHelp.o
 .text.displayBinaryNumber
                0x00000000       0x8e DebugHelp.o
 .debug_info    0x00000000      0x1a8 DebugHelp.o
 .debug_abbrev  0x00000000      0x121 DebugHelp.o
 .debug_loc     0x00000000      0x1cc DebugHelp.o
 .debug_aranges
                0x00000000       0x28 DebugHelp.o
 .debug_ranges  0x00000000       0x18 DebugHelp.o
 .debug_line    0x00000000      0x113 DebugHelp.o
 .debug_str     0x00000000      0x242 DebugHelp.o
 .comment       0x00000000       0x31 DebugHelp.o
 .debug_frame   0x00000000       0x6c DebugHelp.o
 .text          0x00000000        0x0 GrippingClaw.o
 .data          0x00000000        0x0 GrippingClaw.o
 .bss           0x00000000        0x0 GrippingClaw.o
 .text          0x00000000        0x0 MotorController.o
 .data          0x00000000        0x0 MotorController.o
 .bss           0x00000000        0x0 MotorController.o
 .text          0x00000000        0x0 LabyrinthMemory.o
 .data          0x00000000        0x0 LabyrinthMemory.o
 .bss           0x00000000        0x0 LabyrinthMemory.o
 .debug_line    0x00000000        0x0 LabyrinthMemory.o
 .debug_str     0x00000000        0x0 LabyrinthMemory.o
 .comment       0x00000000       0x31 LabyrinthMemory.o
 .text          0x00000000        0x0 NewLabyrinthMemory.o
 .data          0x00000000        0x0 NewLabyrinthMemory.o
 .bss           0x00000000        0x0 NewLabyrinthMemory.o
 .text.checkUnexploredNodes
                0x00000000       0x76 NewLabyrinthMemory.o
 .text          0x00000000        0x0 ObjectDetection.o
 .data          0x00000000        0x0 ObjectDetection.o
 .bss           0x00000000        0x0 ObjectDetection.o
 .text          0x00000000        0x0 PDController.o
 .data          0x00000000        0x0 PDController.o
 .bss           0x00000000        0x0 PDController.o
 .text          0x00000000        0x0 RotateCrossing.o
 .data          0x00000000        0x0 RotateCrossing.o
 .bss           0x00000000        0x0 RotateCrossing.o
 .text.ownAbs   0x00000000        0xc RotateCrossing.o
 .text.openForward
                0x00000000       0x10 RotateCrossing.o
 .bss.exiting   0x00000000        0x1 RotateCrossing.o
 .bss.counter   0x00000000        0x2 RotateCrossing.o
 .data.MIN_LEN_FORWARD
                0x00000000        0x2 RotateCrossing.o
 .bss.test_variable
                0x00000000        0x2 RotateCrossing.o
 .data.angleThreshold
                0x00000000        0x2 RotateCrossing.o
 .text          0x00000000        0x0 SensorAlgorithm.o
 .data          0x00000000        0x0 SensorAlgorithm.o
 .bss           0x00000000        0x0 SensorAlgorithm.o
 .text          0x00000000        0x0 SteeringModule.o
 .data          0x00000000        0x0 SteeringModule.o
 .bss           0x00000000        0x0 SteeringModule.o
 .text          0x00000000        0x0 TimerForCalculatingDistances.o
 .data          0x00000000        0x0 TimerForCalculatingDistances.o
 .bss           0x00000000        0x0 TimerForCalculatingDistances.o
 .text          0x00000000        0x0 c:/program files (x86)/atmel/studio/7.0/toolchain/avr8/avr8-gnu-toolchain/bin/../lib/gcc/avr/4.9.2/../../../../avr/lib/avr51\libm.a(addsf3.o)
 .data          0x00000000        0x0 c:/program files (x86)/atmel/studio/7.0/toolchain/avr8/avr8-gnu-toolchain/bin/../lib/gcc/avr/4.9.2/../../../../avr/lib/avr51\libm.a(addsf3.o)
 .bss           0x00000000        0x0 c:/program files (x86)/atmel/studio/7.0/toolchain/avr8/avr8-gnu-toolchain/bin/../lib/gcc/avr/4.9.2/../../../../avr/lib/avr51\libm.a(addsf3.o)
 .text          0x00000000        0x0 c:/program files (x86)/atmel/studio/7.0/toolchain/avr8/avr8-gnu-toolchain/bin/../lib/gcc/avr/4.9.2/../../../../avr/lib/avr51\libm.a(addsf3x.o)
 .data          0x00000000        0x0 c:/program files (x86)/atmel/studio/7.0/toolchain/avr8/avr8-gnu-toolchain/bin/../lib/gcc/avr/4.9.2/../../../../avr/lib/avr51\libm.a(addsf3x.o)
 .bss           0x00000000        0x0 c:/program files (x86)/atmel/studio/7.0/toolchain/avr8/avr8-gnu-toolchain/bin/../lib/gcc/avr/4.9.2/../../../../avr/lib/avr51\libm.a(addsf3x.o)
 .text          0x00000000        0x0 c:/program files (x86)/atmel/studio/7.0/toolchain/avr8/avr8-gnu-toolchain/bin/../lib/gcc/avr/4.9.2/../../../../avr/lib/avr51\libm.a(cmpsf2.o)
 .data          0x00000000        0x0 c:/program files (x86)/atmel/studio/7.0/toolchain/avr8/avr8-gnu-toolchain/bin/../lib/gcc/avr/4.9.2/../../../../avr/lib/avr51\libm.a(cmpsf2.o)
 .bss           0x00000000        0x0 c:/program files (x86)/atmel/studio/7.0/toolchain/avr8/avr8-gnu-toolchain/bin/../lib/gcc/avr/4.9.2/../../../../avr/lib/avr51\libm.a(cmpsf2.o)
 .text          0x00000000        0x0 c:/program files (x86)/atmel/studio/7.0/toolchain/avr8/avr8-gnu-toolchain/bin/../lib/gcc/avr/4.9.2/../../../../avr/lib/avr51\libm.a(fixsfsi.o)
 .data          0x00000000        0x0 c:/program files (x86)/atmel/studio/7.0/toolchain/avr8/avr8-gnu-toolchain/bin/../lib/gcc/avr/4.9.2/../../../../avr/lib/avr51\libm.a(fixsfsi.o)
 .bss           0x00000000        0x0 c:/program files (x86)/atmel/studio/7.0/toolchain/avr8/avr8-gnu-toolchain/bin/../lib/gcc/avr/4.9.2/../../../../avr/lib/avr51\libm.a(fixsfsi.o)
 .text          0x00000000        0x0 c:/program files (x86)/atmel/studio/7.0/toolchain/avr8/avr8-gnu-toolchain/bin/../lib/gcc/avr/4.9.2/../../../../avr/lib/avr51\libm.a(fixunssfsi.o)
 .data          0x00000000        0x0 c:/program files (x86)/atmel/studio/7.0/toolchain/avr8/avr8-gnu-toolchain/bin/../lib/gcc/avr/4.9.2/../../../../avr/lib/avr51\libm.a(fixunssfsi.o)
 .bss           0x00000000        0x0 c:/program files (x86)/atmel/studio/7.0/toolchain/avr8/avr8-gnu-toolchain/bin/../lib/gcc/avr/4.9.2/../../../../avr/lib/avr51\libm.a(fixunssfsi.o)
 .text          0x00000000        0x0 c:/program files (x86)/atmel/studio/7.0/toolchain/avr8/avr8-gnu-toolchain/bin/../lib/gcc/avr/4.9.2/../../../../avr/lib/avr51\libm.a(floatsisf.o)
 .data          0x00000000        0x0 c:/program files (x86)/atmel/studio/7.0/toolchain/avr8/avr8-gnu-toolchain/bin/../lib/gcc/avr/4.9.2/../../../../avr/lib/avr51\libm.a(floatsisf.o)
 .bss           0x00000000        0x0 c:/program files (x86)/atmel/studio/7.0/toolchain/avr8/avr8-gnu-toolchain/bin/../lib/gcc/avr/4.9.2/../../../../avr/lib/avr51\libm.a(floatsisf.o)
 .text          0x00000000        0x0 c:/program files (x86)/atmel/studio/7.0/toolchain/avr8/avr8-gnu-toolchain/bin/../lib/gcc/avr/4.9.2/../../../../avr/lib/avr51\libm.a(fp_cmp.o)
 .data          0x00000000        0x0 c:/program files (x86)/atmel/studio/7.0/toolchain/avr8/avr8-gnu-toolchain/bin/../lib/gcc/avr/4.9.2/../../../../avr/lib/avr51\libm.a(fp_cmp.o)
 .bss           0x00000000        0x0 c:/program files (x86)/atmel/studio/7.0/toolchain/avr8/avr8-gnu-toolchain/bin/../lib/gcc/avr/4.9.2/../../../../avr/lib/avr51\libm.a(fp_cmp.o)
 .text          0x00000000        0x0 c:/program files (x86)/atmel/studio/7.0/toolchain/avr8/avr8-gnu-toolchain/bin/../lib/gcc/avr/4.9.2/../../../../avr/lib/avr51\libm.a(fp_inf.o)
 .data          0x00000000        0x0 c:/program files (x86)/atmel/studio/7.0/toolchain/avr8/avr8-gnu-toolchain/bin/../lib/gcc/avr/4.9.2/../../../../avr/lib/avr51\libm.a(fp_inf.o)
 .bss           0x00000000        0x0 c:/program files (x86)/atmel/studio/7.0/toolchain/avr8/avr8-gnu-toolchain/bin/../lib/gcc/avr/4.9.2/../../../../avr/lib/avr51\libm.a(fp_inf.o)
 .text          0x00000000        0x0 c:/program files (x86)/atmel/studio/7.0/toolchain/avr8/avr8-gnu-toolchain/bin/../lib/gcc/avr/4.9.2/../../../../avr/lib/avr51\libm.a(fp_nan.o)
 .data          0x00000000        0x0 c:/program files (x86)/atmel/studio/7.0/toolchain/avr8/avr8-gnu-toolchain/bin/../lib/gcc/avr/4.9.2/../../../../avr/lib/avr51\libm.a(fp_nan.o)
 .bss           0x00000000        0x0 c:/program files (x86)/atmel/studio/7.0/toolchain/avr8/avr8-gnu-toolchain/bin/../lib/gcc/avr/4.9.2/../../../../avr/lib/avr51\libm.a(fp_nan.o)
 .text          0x00000000        0x0 c:/program files (x86)/atmel/studio/7.0/toolchain/avr8/avr8-gnu-toolchain/bin/../lib/gcc/avr/4.9.2/../../../../avr/lib/avr51\libm.a(fp_pscA.o)
 .data          0x00000000        0x0 c:/program files (x86)/atmel/studio/7.0/toolchain/avr8/avr8-gnu-toolchain/bin/../lib/gcc/avr/4.9.2/../../../../avr/lib/avr51\libm.a(fp_pscA.o)
 .bss           0x00000000        0x0 c:/program files (x86)/atmel/studio/7.0/toolchain/avr8/avr8-gnu-toolchain/bin/../lib/gcc/avr/4.9.2/../../../../avr/lib/avr51\libm.a(fp_pscA.o)
 .text          0x00000000        0x0 c:/program files (x86)/atmel/studio/7.0/toolchain/avr8/avr8-gnu-toolchain/bin/../lib/gcc/avr/4.9.2/../../../../avr/lib/avr51\libm.a(fp_pscB.o)
 .data          0x00000000        0x0 c:/program files (x86)/atmel/studio/7.0/toolchain/avr8/avr8-gnu-toolchain/bin/../lib/gcc/avr/4.9.2/../../../../avr/lib/avr51\libm.a(fp_pscB.o)
 .bss           0x00000000        0x0 c:/program files (x86)/atmel/studio/7.0/toolchain/avr8/avr8-gnu-toolchain/bin/../lib/gcc/avr/4.9.2/../../../../avr/lib/avr51\libm.a(fp_pscB.o)
 .text          0x00000000        0x0 c:/program files (x86)/atmel/studio/7.0/toolchain/avr8/avr8-gnu-toolchain/bin/../lib/gcc/avr/4.9.2/../../../../avr/lib/avr51\libm.a(fp_round.o)
 .data          0x00000000        0x0 c:/program files (x86)/atmel/studio/7.0/toolchain/avr8/avr8-gnu-toolchain/bin/../lib/gcc/avr/4.9.2/../../../../avr/lib/avr51\libm.a(fp_round.o)
 .bss           0x00000000        0x0 c:/program files (x86)/atmel/studio/7.0/toolchain/avr8/avr8-gnu-toolchain/bin/../lib/gcc/avr/4.9.2/../../../../avr/lib/avr51\libm.a(fp_round.o)
 .text          0x00000000        0x0 c:/program files (x86)/atmel/studio/7.0/toolchain/avr8/avr8-gnu-toolchain/bin/../lib/gcc/avr/4.9.2/../../../../avr/lib/avr51\libm.a(fp_split3.o)
 .data          0x00000000        0x0 c:/program files (x86)/atmel/studio/7.0/toolchain/avr8/avr8-gnu-toolchain/bin/../lib/gcc/avr/4.9.2/../../../../avr/lib/avr51\libm.a(fp_split3.o)
 .bss           0x00000000        0x0 c:/program files (x86)/atmel/studio/7.0/toolchain/avr8/avr8-gnu-toolchain/bin/../lib/gcc/avr/4.9.2/../../../../avr/lib/avr51\libm.a(fp_split3.o)
 .text          0x00000000        0x0 c:/program files (x86)/atmel/studio/7.0/toolchain/avr8/avr8-gnu-toolchain/bin/../lib/gcc/avr/4.9.2/../../../../avr/lib/avr51\libm.a(fp_zero.o)
 .data          0x00000000        0x0 c:/program files (x86)/atmel/studio/7.0/toolchain/avr8/avr8-gnu-toolchain/bin/../lib/gcc/avr/4.9.2/../../../../avr/lib/avr51\libm.a(fp_zero.o)
 .bss           0x00000000        0x0 c:/program files (x86)/atmel/studio/7.0/toolchain/avr8/avr8-gnu-toolchain/bin/../lib/gcc/avr/4.9.2/../../../../avr/lib/avr51\libm.a(fp_zero.o)
 .text          0x00000000        0x0 c:/program files (x86)/atmel/studio/7.0/toolchain/avr8/avr8-gnu-toolchain/bin/../lib/gcc/avr/4.9.2/../../../../avr/lib/avr51\libm.a(gesf2.o)
 .data          0x00000000        0x0 c:/program files (x86)/atmel/studio/7.0/toolchain/avr8/avr8-gnu-toolchain/bin/../lib/gcc/avr/4.9.2/../../../../avr/lib/avr51\libm.a(gesf2.o)
 .bss           0x00000000        0x0 c:/program files (x86)/atmel/studio/7.0/toolchain/avr8/avr8-gnu-toolchain/bin/../lib/gcc/avr/4.9.2/../../../../avr/lib/avr51\libm.a(gesf2.o)
 .text          0x00000000        0x0 c:/program files (x86)/atmel/studio/7.0/toolchain/avr8/avr8-gnu-toolchain/bin/../lib/gcc/avr/4.9.2/../../../../avr/lib/avr51\libm.a(mulsf3.o)
 .data          0x00000000        0x0 c:/program files (x86)/atmel/studio/7.0/toolchain/avr8/avr8-gnu-toolchain/bin/../lib/gcc/avr/4.9.2/../../../../avr/lib/avr51\libm.a(mulsf3.o)
 .bss           0x00000000        0x0 c:/program files (x86)/atmel/studio/7.0/toolchain/avr8/avr8-gnu-toolchain/bin/../lib/gcc/avr/4.9.2/../../../../avr/lib/avr51\libm.a(mulsf3.o)
 .text          0x00000000        0x0 c:/program files (x86)/atmel/studio/7.0/toolchain/avr8/avr8-gnu-toolchain/bin/../lib/gcc/avr/4.9.2/../../../../avr/lib/avr51\libm.a(mulsf3x.o)
 .data          0x00000000        0x0 c:/program files (x86)/atmel/studio/7.0/toolchain/avr8/avr8-gnu-toolchain/bin/../lib/gcc/avr/4.9.2/../../../../avr/lib/avr51\libm.a(mulsf3x.o)
 .bss           0x00000000        0x0 c:/program files (x86)/atmel/studio/7.0/toolchain/avr8/avr8-gnu-toolchain/bin/../lib/gcc/avr/4.9.2/../../../../avr/lib/avr51\libm.a(mulsf3x.o)
 .text          0x00000000        0x0 c:/program files (x86)/atmel/studio/7.0/toolchain/avr8/avr8-gnu-toolchain/bin/../lib/gcc/avr/4.9.2/avr51\libgcc.a(_exit.o)
 .data          0x00000000        0x0 c:/program files (x86)/atmel/studio/7.0/toolchain/avr8/avr8-gnu-toolchain/bin/../lib/gcc/avr/4.9.2/avr51\libgcc.a(_exit.o)
 .bss           0x00000000        0x0 c:/program files (x86)/atmel/studio/7.0/toolchain/avr8/avr8-gnu-toolchain/bin/../lib/gcc/avr/4.9.2/avr51\libgcc.a(_exit.o)
 .text.libgcc.mul
                0x00000000        0x0 c:/program files (x86)/atmel/studio/7.0/toolchain/avr8/avr8-gnu-toolchain/bin/../lib/gcc/avr/4.9.2/avr51\libgcc.a(_exit.o)
 .text.libgcc.div
                0x00000000        0x0 c:/program files (x86)/atmel/studio/7.0/toolchain/avr8/avr8-gnu-toolchain/bin/../lib/gcc/avr/4.9.2/avr51\libgcc.a(_exit.o)
 .text.libgcc   0x00000000        0x0 c:/program files (x86)/atmel/studio/7.0/toolchain/avr8/avr8-gnu-toolchain/bin/../lib/gcc/avr/4.9.2/avr51\libgcc.a(_exit.o)
 .text.libgcc.prologue
                0x00000000        0x0 c:/program files (x86)/atmel/studio/7.0/toolchain/avr8/avr8-gnu-toolchain/bin/../lib/gcc/avr/4.9.2/avr51\libgcc.a(_exit.o)
 .text.libgcc.builtins
                0x00000000        0x0 c:/program files (x86)/atmel/studio/7.0/toolchain/avr8/avr8-gnu-toolchain/bin/../lib/gcc/avr/4.9.2/avr51\libgcc.a(_exit.o)
 .text.libgcc.fmul
                0x00000000        0x0 c:/program files (x86)/atmel/studio/7.0/toolchain/avr8/avr8-gnu-toolchain/bin/../lib/gcc/avr/4.9.2/avr51\libgcc.a(_exit.o)
 .text.libgcc.fixed
                0x00000000        0x0 c:/program files (x86)/atmel/studio/7.0/toolchain/avr8/avr8-gnu-toolchain/bin/../lib/gcc/avr/4.9.2/avr51\libgcc.a(_exit.o)
 .text          0x00000000        0x0 c:/program files (x86)/atmel/studio/7.0/toolchain/avr8/avr8-gnu-toolchain/bin/../lib/gcc/avr/4.9.2/avr51\libgcc.a(_tablejump2.o)
 .data          0x00000000        0x0 c:/program files (x86)/atmel/studio/7.0/toolchain/avr8/avr8-gnu-toolchain/bin/../lib/gcc/avr/4.9.2/avr51\libgcc.a(_tablejump2.o)
 .bss           0x00000000        0x0 c:/program files (x86)/atmel/studio/7.0/toolchain/avr8/avr8-gnu-toolchain/bin/../lib/gcc/avr/4.9.2/avr51\libgcc.a(_tablejump2.o)
 .text.libgcc.mul
                0x00000000        0x0 c:/program files (x86)/atmel/studio/7.0/toolchain/avr8/avr8-gnu-toolchain/bin/../lib/gcc/avr/4.9.2/avr51\libgcc.a(_tablejump2.o)
 .text.libgcc.div
                0x00000000        0x0 c:/program files (x86)/atmel/studio/7.0/toolchain/avr8/avr8-gnu-toolchain/bin/../lib/gcc/avr/4.9.2/avr51\libgcc.a(_tablejump2.o)
 .text.libgcc.prologue
                0x00000000        0x0 c:/program files (x86)/atmel/studio/7.0/toolchain/avr8/avr8-gnu-toolchain/bin/../lib/gcc/avr/4.9.2/avr51\libgcc.a(_tablejump2.o)
 .text.libgcc.builtins
                0x00000000        0x0 c:/program files (x86)/atmel/studio/7.0/toolchain/avr8/avr8-gnu-toolchain/bin/../lib/gcc/avr/4.9.2/avr51\libgcc.a(_tablejump2.o)
 .text.libgcc.fmul
                0x00000000        0x0 c:/program files (x86)/atmel/studio/7.0/toolchain/avr8/avr8-gnu-toolchain/bin/../lib/gcc/avr/4.9.2/avr51\libgcc.a(_tablejump2.o)
 .text.libgcc.fixed
                0x00000000        0x0 c:/program files (x86)/atmel/studio/7.0/toolchain/avr8/avr8-gnu-toolchain/bin/../lib/gcc/avr/4.9.2/avr51\libgcc.a(_tablejump2.o)
 .text          0x00000000        0x0 c:/program files (x86)/atmel/studio/7.0/toolchain/avr8/avr8-gnu-toolchain/bin/../lib/gcc/avr/4.9.2/avr51\libgcc.a(_copy_data.o)
 .data          0x00000000        0x0 c:/program files (x86)/atmel/studio/7.0/toolchain/avr8/avr8-gnu-toolchain/bin/../lib/gcc/avr/4.9.2/avr51\libgcc.a(_copy_data.o)
 .bss           0x00000000        0x0 c:/program files (x86)/atmel/studio/7.0/toolchain/avr8/avr8-gnu-toolchain/bin/../lib/gcc/avr/4.9.2/avr51\libgcc.a(_copy_data.o)
 .text.libgcc.mul
                0x00000000        0x0 c:/program files (x86)/atmel/studio/7.0/toolchain/avr8/avr8-gnu-toolchain/bin/../lib/gcc/avr/4.9.2/avr51\libgcc.a(_copy_data.o)
 .text.libgcc.div
                0x00000000        0x0 c:/program files (x86)/atmel/studio/7.0/toolchain/avr8/avr8-gnu-toolchain/bin/../lib/gcc/avr/4.9.2/avr51\libgcc.a(_copy_data.o)
 .text.libgcc   0x00000000        0x0 c:/program files (x86)/atmel/studio/7.0/toolchain/avr8/avr8-gnu-toolchain/bin/../lib/gcc/avr/4.9.2/avr51\libgcc.a(_copy_data.o)
 .text.libgcc.prologue
                0x00000000        0x0 c:/program files (x86)/atmel/studio/7.0/toolchain/avr8/avr8-gnu-toolchain/bin/../lib/gcc/avr/4.9.2/avr51\libgcc.a(_copy_data.o)
 .text.libgcc.builtins
                0x00000000        0x0 c:/program files (x86)/atmel/studio/7.0/toolchain/avr8/avr8-gnu-toolchain/bin/../lib/gcc/avr/4.9.2/avr51\libgcc.a(_copy_data.o)
 .text.libgcc.fmul
                0x00000000        0x0 c:/program files (x86)/atmel/studio/7.0/toolchain/avr8/avr8-gnu-toolchain/bin/../lib/gcc/avr/4.9.2/avr51\libgcc.a(_copy_data.o)
 .text.libgcc.fixed
                0x00000000        0x0 c:/program files (x86)/atmel/studio/7.0/toolchain/avr8/avr8-gnu-toolchain/bin/../lib/gcc/avr/4.9.2/avr51\libgcc.a(_copy_data.o)
 .text          0x00000000        0x0 c:/program files (x86)/atmel/studio/7.0/toolchain/avr8/avr8-gnu-toolchain/bin/../lib/gcc/avr/4.9.2/avr51\libgcc.a(_clear_bss.o)
 .data          0x00000000        0x0 c:/program files (x86)/atmel/studio/7.0/toolchain/avr8/avr8-gnu-toolchain/bin/../lib/gcc/avr/4.9.2/avr51\libgcc.a(_clear_bss.o)
 .bss           0x00000000        0x0 c:/program files (x86)/atmel/studio/7.0/toolchain/avr8/avr8-gnu-toolchain/bin/../lib/gcc/avr/4.9.2/avr51\libgcc.a(_clear_bss.o)
 .text.libgcc.mul
                0x00000000        0x0 c:/program files (x86)/atmel/studio/7.0/toolchain/avr8/avr8-gnu-toolchain/bin/../lib/gcc/avr/4.9.2/avr51\libgcc.a(_clear_bss.o)
 .text.libgcc.div
                0x00000000        0x0 c:/program files (x86)/atmel/studio/7.0/toolchain/avr8/avr8-gnu-toolchain/bin/../lib/gcc/avr/4.9.2/avr51\libgcc.a(_clear_bss.o)
 .text.libgcc   0x00000000        0x0 c:/program files (x86)/atmel/studio/7.0/toolchain/avr8/avr8-gnu-toolchain/bin/../lib/gcc/avr/4.9.2/avr51\libgcc.a(_clear_bss.o)
 .text.libgcc.prologue
                0x00000000        0x0 c:/program files (x86)/atmel/studio/7.0/toolchain/avr8/avr8-gnu-toolchain/bin/../lib/gcc/avr/4.9.2/avr51\libgcc.a(_clear_bss.o)
 .text.libgcc.builtins
                0x00000000        0x0 c:/program files (x86)/atmel/studio/7.0/toolchain/avr8/avr8-gnu-toolchain/bin/../lib/gcc/avr/4.9.2/avr51\libgcc.a(_clear_bss.o)
 .text.libgcc.fmul
                0x00000000        0x0 c:/program files (x86)/atmel/studio/7.0/toolchain/avr8/avr8-gnu-toolchain/bin/../lib/gcc/avr/4.9.2/avr51\libgcc.a(_clear_bss.o)
 .text.libgcc.fixed
                0x00000000        0x0 c:/program files (x86)/atmel/studio/7.0/toolchain/avr8/avr8-gnu-toolchain/bin/../lib/gcc/avr/4.9.2/avr51\libgcc.a(_clear_bss.o)

Memory Configuration

Name             Origin             Length             Attributes
text             0x00000000         0x00020000         xr
data             0x00800100         0x0000ff00         rw !x
eeprom           0x00810000         0x00010000         rw !x
fuse             0x00820000         0x00000400         rw !x
lock             0x00830000         0x00000400         rw !x
signature        0x00840000         0x00000400         rw !x
user_signatures  0x00850000         0x00000400         rw !x
*default*        0x00000000         0xffffffff

Linker script and memory map

Address of section .data set to 0x800100
LOAD C:/Program Files (x86)/Atmel/Studio/7.0/Packs/atmel/ATmega_DFP/1.0.90/gcc/dev/atmega1284p/avr51/crtatmega1284p.o
LOAD BusSlave.o
LOAD BusValues.o
LOAD DebugHelp.o
LOAD GrippingClaw.o
LOAD MotorController.o
LOAD LabyrinthMemory.o
LOAD NewLabyrinthMemory.o
LOAD ObjectDetection.o
LOAD PDController.o
LOAD RotateCrossing.o
LOAD SensorAlgorithm.o
LOAD SteeringModule.o
LOAD TimerForCalculatingDistances.o
START GROUP
LOAD c:/program files (x86)/atmel/studio/7.0/toolchain/avr8/avr8-gnu-toolchain/bin/../lib/gcc/avr/4.9.2/../../../../avr/lib/avr51\libm.a
END GROUP
START GROUP
LOAD c:/program files (x86)/atmel/studio/7.0/toolchain/avr8/avr8-gnu-toolchain/bin/../lib/gcc/avr/4.9.2/avr51\libgcc.a
LOAD c:/program files (x86)/atmel/studio/7.0/toolchain/avr8/avr8-gnu-toolchain/bin/../lib/gcc/avr/4.9.2/../../../../avr/lib/avr51\libm.a
LOAD c:/program files (x86)/atmel/studio/7.0/toolchain/avr8/avr8-gnu-toolchain/bin/../lib/gcc/avr/4.9.2/../../../../avr/lib/avr51\libc.a
LOAD C:/Program Files (x86)/Atmel/Studio/7.0/Packs/atmel/ATmega_DFP/1.0.90/gcc/dev/atmega1284p/avr51\libatmega1284p.a
END GROUP

.hash
 *(.hash)

.dynsym
 *(.dynsym)

.dynstr
 *(.dynstr)

.gnu.version
 *(.gnu.version)

.gnu.version_d
 *(.gnu.version_d)

.gnu.version_r
 *(.gnu.version_r)

.rel.init
 *(.rel.init)

.rela.init
 *(.rela.init)

.rel.text
 *(.rel.text)
 *(.rel.text.*)
 *(.rel.gnu.linkonce.t*)

.rela.text
 *(.rela.text)
 *(.rela.text.*)
 *(.rela.gnu.linkonce.t*)

.rel.fini
 *(.rel.fini)

.rela.fini
 *(.rela.fini)

.rel.rodata
 *(.rel.rodata)
 *(.rel.rodata.*)
 *(.rel.gnu.linkonce.r*)

.rela.rodata
 *(.rela.rodata)
 *(.rela.rodata.*)
 *(.rela.gnu.linkonce.r*)

.rel.data
 *(.rel.data)
 *(.rel.data.*)
 *(.rel.gnu.linkonce.d*)

.rela.data
 *(.rela.data)
 *(.rela.data.*)
 *(.rela.gnu.linkonce.d*)

.rel.ctors
 *(.rel.ctors)

.rela.ctors
 *(.rela.ctors)

.rel.dtors
 *(.rel.dtors)

.rela.dtors
 *(.rela.dtors)

.rel.got
 *(.rel.got)

.rela.got
 *(.rela.got)

.rel.bss
 *(.rel.bss)

.rela.bss
 *(.rela.bss)

.rel.plt
 *(.rel.plt)

.rela.plt
 *(.rela.plt)

.text           0x00000000     0x23da
 *(.vectors)
 .vectors       0x00000000       0x8c C:/Program Files (x86)/Atmel/Studio/7.0/Packs/atmel/ATmega_DFP/1.0.90/gcc/dev/atmega1284p/avr51/crtatmega1284p.o
                0x00000000                __vector_default
                0x00000000                __vectors
 *(.vectors)
 *(.progmem.gcc*)
 .progmem.gcc_sw_table.updateBusValues
                0x0000008c       0x1a BusValues.o
 .progmem.gcc_sw_table.convertToMotorData
                0x000000a6        0xe MotorController.o
 .progmem.gcc_sw_table.main
                0x000000b4       0x18 SteeringModule.o
                0x000000cc                . = ALIGN (0x2)
                0x000000cc                __trampolines_start = .
 *(.trampolines)
 .trampolines   0x000000cc        0x0 linker stubs
 *(.trampolines*)
                0x000000cc                __trampolines_end = .
 *(.progmem*)
                0x000000cc                . = ALIGN (0x2)
 *(.jumptables)
 *(.jumptables*)
 *(.lowtext)
 *(.lowtext*)
                0x000000cc                __ctors_start = .
 *(.ctors)
                0x000000cc                __ctors_end = .
                0x000000cc                __dtors_start = .
 *(.dtors)
                0x000000cc                __dtors_end = .
 SORT(*)(.ctors)
 SORT(*)(.dtors)
 *(.init0)
 .init0         0x000000cc        0x0 C:/Program Files (x86)/Atmel/Studio/7.0/Packs/atmel/ATmega_DFP/1.0.90/gcc/dev/atmega1284p/avr51/crtatmega1284p.o
                0x000000cc                __init
 *(.init0)
 *(.init1)
 *(.init1)
 *(.init2)
 .init2         0x000000cc        0xc C:/Program Files (x86)/Atmel/Studio/7.0/Packs/atmel/ATmega_DFP/1.0.90/gcc/dev/atmega1284p/avr51/crtatmega1284p.o
 *(.init2)
 *(.init3)
 *(.init3)
 *(.init4)
 .init4         0x000000d8       0x1a c:/program files (x86)/atmel/studio/7.0/toolchain/avr8/avr8-gnu-toolchain/bin/../lib/gcc/avr/4.9.2/avr51\libgcc.a(_copy_data.o)
                0x000000d8                __do_copy_data
 .init4         0x000000f2       0x10 c:/program files (x86)/atmel/studio/7.0/toolchain/avr8/avr8-gnu-toolchain/bin/../lib/gcc/avr/4.9.2/avr51\libgcc.a(_clear_bss.o)
                0x000000f2                __do_clear_bss
 *(.init4)
 *(.init5)
 *(.init5)
 *(.init6)
 *(.init6)
 *(.init7)
 *(.init7)
 *(.init8)
 *(.init8)
 *(.init9)
 .init9         0x00000102        0x8 C:/Program Files (x86)/Atmel/Studio/7.0/Packs/atmel/ATmega_DFP/1.0.90/gcc/dev/atmega1284p/avr51/crtatmega1284p.o
 *(.init9)
 *(.text)
 .text          0x0000010a        0x2 C:/Program Files (x86)/Atmel/Studio/7.0/Packs/atmel/ATmega_DFP/1.0.90/gcc/dev/atmega1284p/avr51/crtatmega1284p.o
                0x0000010a                __vector_22
                0x0000010a                __vector_28
                0x0000010a                __vector_1
                0x0000010a                __vector_34
                0x0000010a                __vector_24
                0x0000010a                __vector_12
                0x0000010a                __bad_interrupt
                0x0000010a                __vector_6
                0x0000010a                __vector_31
                0x0000010a                __vector_3
                0x0000010a                __vector_23
                0x0000010a                __vector_30
                0x0000010a                __vector_25
                0x0000010a                __vector_11
                0x0000010a                __vector_13
                0x0000010a                __vector_17
                0x0000010a                __vector_19
                0x0000010a                __vector_7
                0x0000010a                __vector_27
                0x0000010a                __vector_5
                0x0000010a                __vector_33
                0x0000010a                __vector_4
                0x0000010a                __vector_9
                0x0000010a                __vector_2
                0x0000010a                __vector_21
                0x0000010a                __vector_15
                0x0000010a                __vector_29
                0x0000010a                __vector_8
                0x0000010a                __vector_14
                0x0000010a                __vector_10
                0x0000010a                __vector_16
                0x0000010a                __vector_18
                0x0000010a                __vector_20
                0x0000010c                . = ALIGN (0x2)
 *(.text.*)
 .text.__vector_26
                0x0000010c      0x156 BusSlave.o
                0x0000010c                __vector_26
 .text.initBuss
                0x00000262       0x14 BusSlave.o
                0x00000262                initBuss
 .text.updateBusValues
                0x00000276       0xde BusValues.o
                0x00000276                updateBusValues
 .text.grab_object
                0x00000354        0xa GrippingClaw.o
                0x00000354                grab_object
 .text.init_gripping_claw_timer
                0x0000035e       0x38 GrippingClaw.o
                0x0000035e                init_gripping_claw_timer
 .text.stop     0x00000396        0x8 MotorController.o
                0x00000396                stop
 .text.drive_general
                0x0000039e       0x34 MotorController.o
                0x0000039e                drive_general
 .text.drive_forward
                0x000003d2        0x6 MotorController.o
                0x000003d2                drive_forward
 .text.drive_backwards
                0x000003d8        0xc MotorController.o
                0x000003d8                drive_backwards
 .text.rotate_left
                0x000003e4        0xc MotorController.o
                0x000003e4                rotate_left
 .text.rotate_right
                0x000003f0        0xc MotorController.o
                0x000003f0                rotate_right
 .text.init_motor_timers
                0x000003fc       0x40 MotorController.o
                0x000003fc                init_motor_timers
 .text.convertToMotorData
                0x0000043c      0x1d8 MotorController.o
                0x0000043c                convertToMotorData
 .text.initLabyrinthMemory
                0x00000614       0x70 NewLabyrinthMemory.o
                0x00000614                initLabyrinthMemory
 .text.oppositeDirection
                0x00000684       0x24 NewLabyrinthMemory.o
                0x00000684                oppositeDirection
 .text.getGlobalDirection
                0x000006a8       0x7c NewLabyrinthMemory.o
                0x000006a8                getGlobalDirection
 .text.addNode  0x00000724        0x2 NewLabyrinthMemory.o
                0x00000724                addNode
 .text.moveInLabyrinth
                0x00000726       0x70 NewLabyrinthMemory.o
                0x00000726                moveInLabyrinth
 .text.turnInLabyrinth
                0x00000796        0x8 NewLabyrinthMemory.o
                0x00000796                turnInLabyrinth
 .text.getNodeTypeInDir
                0x0000079e       0xfe NewLabyrinthMemory.o
                0x0000079e                getNodeTypeInDir
 .text.isCrossing
                0x0000089c       0x7e NewLabyrinthMemory.o
                0x0000089c                isCrossing
 .text.transformToDirectionList
                0x0000091a      0x326 NewLabyrinthMemory.o
                0x0000091a                transformToDirectionList
 .text.getNewX  0x00000c40       0x14 NewLabyrinthMemory.o
                0x00000c40                getNewX
 .text.getNewY  0x00000c54       0x12 NewLabyrinthMemory.o
                0x00000c54                getNewY
 .text.findBestPath
                0x00000c66      0x558 NewLabyrinthMemory.o
                0x00000c66                findBestPath
 .text.shouldIGoThisWay
                0x000011be       0x1a NewLabyrinthMemory.o
                0x000011be                shouldIGoThisWay
 .text.activatedSensors
                0x000011d8       0x46 ObjectDetection.o
                0x000011d8                activatedSensors
 .text.objectFinder
                0x0000121e       0x16 ObjectDetection.o
                0x0000121e                objectFinder
 .text.objectCentering
                0x00001234       0xaa ObjectDetection.o
                0x00001234                objectCentering
 .text.reglering
                0x000012de       0x7c PDController.o
                0x000012de                reglering
 .text.rotating_left
                0x0000135a       0x54 RotateCrossing.o
                0x0000135a                rotating_left
 .text.rotating_right
                0x000013ae       0x56 RotateCrossing.o
                0x000013ae                rotating_right
 .text.turn_around
                0x00001404       0x5a RotateCrossing.o
                0x00001404                turn_around
 .text.correct_req_current_angle
                0x0000145e       0x20 RotateCrossing.o
                0x0000145e                correct_req_current_angle
 .text.enter_mid_before_rotating_right
                0x0000147e       0x6c RotateCrossing.o
                0x0000147e                enter_mid_before_rotating_right
 .text.enter_mid_before_rotating_left
                0x000014ea       0x6c RotateCrossing.o
                0x000014ea                enter_mid_before_rotating_left
 .text.startTurnAround
                0x00001556       0x16 RotateCrossing.o
                0x00001556                startTurnAround
 .text.in_junction
                0x0000156c       0x2a RotateCrossing.o
                0x0000156c                in_junction
 .text.check_if_junction_and_follow_path
                0x00001596      0x13e RotateCrossing.o
                0x00001596                check_if_junction_and_follow_path
 .text.out_of_junction
                0x000016d4       0x2a RotateCrossing.o
                0x000016d4                out_of_junction
 .text.exit_junction_left
                0x000016fe       0x10 RotateCrossing.o
                0x000016fe                exit_junction_left
 .text.exit_junction_right
                0x0000170e        0xe RotateCrossing.o
                0x0000170e                exit_junction_right
 .text.exit_junction_forward_in_left_crossing
                0x0000171c        0xe RotateCrossing.o
                0x0000171c                exit_junction_forward_in_left_crossing
 .text.exit_junction_forward_in_right_crossing
                0x0000172a        0xe RotateCrossing.o
                0x0000172a                exit_junction_forward_in_right_crossing
 .text.partly_open
                0x00001738       0x2a RotateCrossing.o
                0x00001738                partly_open
 .text.check_if_junction_and_keep_right
                0x00001762      0x162 RotateCrossing.o
                0x00001762                check_if_junction_and_keep_right
 .text.corridor_robot_skewness
                0x000018c4       0x8e SensorAlgorithm.o
                0x000018c4                corridor_robot_skewness
 .text.corridor_side_position
                0x00001952       0xc8 SensorAlgorithm.o
                0x00001952                corridor_side_position
 .text.driveForwardPD
                0x00001a1a      0x132 SteeringModule.o
                0x00001a1a                driveForwardPD
 .text.main     0x00001b4c      0x39a SteeringModule.o
                0x00001b4c                main
 .text.__vector_32
                0x00001ee6      0x120 TimerForCalculatingDistances.o
                0x00001ee6                __vector_32
 .text.initDistanceTimer
                0x00002006       0x3c TimerForCalculatingDistances.o
                0x00002006                initDistanceTimer
 .text.startMeasuringDistance
                0x00002042        0x8 TimerForCalculatingDistances.o
                0x00002042                startMeasuringDistance
 .text.stopMeasuringDistance
                0x0000204a        0x6 TimerForCalculatingDistances.o
                0x0000204a                stopMeasuringDistance
 .text.startMeasuringRotateTime
                0x00002050        0x8 TimerForCalculatingDistances.o
                0x00002050                startMeasuringRotateTime
 .text.stopMeasuringRotateTime
                0x00002058        0x6 TimerForCalculatingDistances.o
                0x00002058                stopMeasuringRotateTime
 .text.avr-libc.fplib
                0x0000205e        0xa c:/program files (x86)/atmel/studio/7.0/toolchain/avr8/avr8-gnu-toolchain/bin/../lib/gcc/avr/4.9.2/../../../../avr/lib/avr51\libm.a(addsf3.o)
                0x0000205e                __subsf3
                0x00002060                __addsf3
 .text.avr-libc.fplib
                0x00002068       0xc0 c:/program files (x86)/atmel/studio/7.0/toolchain/avr8/avr8-gnu-toolchain/bin/../lib/gcc/avr/4.9.2/../../../../avr/lib/avr51\libm.a(addsf3x.o)
                0x00002082                __addsf3x
 .text.avr-libc.fplib
                0x00002128        0x8 c:/program files (x86)/atmel/studio/7.0/toolchain/avr8/avr8-gnu-toolchain/bin/../lib/gcc/avr/4.9.2/../../../../avr/lib/avr51\libm.a(cmpsf2.o)
                0x00002128                __nesf2
                0x00002128                __eqsf2
                0x00002128                __cmpsf2
                0x00002128                __ltsf2
                0x00002128                __lesf2
 .text.avr-libc.fplib
                0x00002130        0xa c:/program files (x86)/atmel/studio/7.0/toolchain/avr8/avr8-gnu-toolchain/bin/../lib/gcc/avr/4.9.2/../../../../avr/lib/avr51\libm.a(fixsfsi.o)
                0x00002130                __fixsfsi
 .text.avr-libc.fplib
                0x0000213a       0x58 c:/program files (x86)/atmel/studio/7.0/toolchain/avr8/avr8-gnu-toolchain/bin/../lib/gcc/avr/4.9.2/../../../../avr/lib/avr51\libm.a(fixunssfsi.o)
                0x0000213a                __fixunssfsi
 .text.avr-libc.fplib
                0x00002192       0x7a c:/program files (x86)/atmel/studio/7.0/toolchain/avr8/avr8-gnu-toolchain/bin/../lib/gcc/avr/4.9.2/../../../../avr/lib/avr51\libm.a(floatsisf.o)
                0x00002192                __floatunsisf
                0x00002196                __floatsisf
 .text.avr-libc.fplib
                0x0000220c       0x48 c:/program files (x86)/atmel/studio/7.0/toolchain/avr8/avr8-gnu-toolchain/bin/../lib/gcc/avr/4.9.2/../../../../avr/lib/avr51\libm.a(fp_cmp.o)
                0x0000220c                __fp_cmp
 .text.avr-libc.fplib
                0x00002254        0xc c:/program files (x86)/atmel/studio/7.0/toolchain/avr8/avr8-gnu-toolchain/bin/../lib/gcc/avr/4.9.2/../../../../avr/lib/avr51\libm.a(fp_inf.o)
                0x00002254                __fp_inf
 .text.avr-libc.fplib
                0x00002260        0x6 c:/program files (x86)/atmel/studio/7.0/toolchain/avr8/avr8-gnu-toolchain/bin/../lib/gcc/avr/4.9.2/../../../../avr/lib/avr51\libm.a(fp_nan.o)
                0x00002260                __fp_nan
 .text.avr-libc.fplib
                0x00002266        0xe c:/program files (x86)/atmel/studio/7.0/toolchain/avr8/avr8-gnu-toolchain/bin/../lib/gcc/avr/4.9.2/../../../../avr/lib/avr51\libm.a(fp_pscA.o)
                0x00002266                __fp_pscA
 .text.avr-libc.fplib
                0x00002274        0xe c:/program files (x86)/atmel/studio/7.0/toolchain/avr8/avr8-gnu-toolchain/bin/../lib/gcc/avr/4.9.2/../../../../avr/lib/avr51\libm.a(fp_pscB.o)
                0x00002274                __fp_pscB
 .text.avr-libc.fplib
                0x00002282       0x22 c:/program files (x86)/atmel/studio/7.0/toolchain/avr8/avr8-gnu-toolchain/bin/../lib/gcc/avr/4.9.2/../../../../avr/lib/avr51\libm.a(fp_round.o)
                0x00002282                __fp_round
 .text.avr-libc.fplib
                0x000022a4       0x44 c:/program files (x86)/atmel/studio/7.0/toolchain/avr8/avr8-gnu-toolchain/bin/../lib/gcc/avr/4.9.2/../../../../avr/lib/avr51\libm.a(fp_split3.o)
                0x000022a4                __fp_split3
                0x000022b4                __fp_splitA
 .text.avr-libc.fplib
                0x000022e8        0xe c:/program files (x86)/atmel/studio/7.0/toolchain/avr8/avr8-gnu-toolchain/bin/../lib/gcc/avr/4.9.2/../../../../avr/lib/avr51\libm.a(fp_zero.o)
                0x000022e8                __fp_zero
                0x000022ea                __fp_szero
 .text.avr-libc.fplib
                0x000022f6        0x8 c:/program files (x86)/atmel/studio/7.0/toolchain/avr8/avr8-gnu-toolchain/bin/../lib/gcc/avr/4.9.2/../../../../avr/lib/avr51\libm.a(gesf2.o)
                0x000022f6                __gesf2
                0x000022f6                __gtsf2
 .text.avr-libc.fplib
                0x000022fe        0x4 c:/program files (x86)/atmel/studio/7.0/toolchain/avr8/avr8-gnu-toolchain/bin/../lib/gcc/avr/4.9.2/../../../../avr/lib/avr51\libm.a(mulsf3.o)
                0x000022fe                __mulsf3
 .text.avr-libc.fplib
                0x00002302       0xc2 c:/program files (x86)/atmel/studio/7.0/toolchain/avr8/avr8-gnu-toolchain/bin/../lib/gcc/avr/4.9.2/../../../../avr/lib/avr51\libm.a(mulsf3x.o)
                0x00002316                __mulsf3x
                0x0000231a                __mulsf3_pse
 .text.libgcc   0x000023c4       0x12 c:/program files (x86)/atmel/studio/7.0/toolchain/avr8/avr8-gnu-toolchain/bin/../lib/gcc/avr/4.9.2/avr51\libgcc.a(_tablejump2.o)
                0x000023c4                __tablejump2__
                0x000023d6                . = ALIGN (0x2)
 *(.fini9)
 .fini9         0x000023d6        0x0 c:/program files (x86)/atmel/studio/7.0/toolchain/avr8/avr8-gnu-toolchain/bin/../lib/gcc/avr/4.9.2/avr51\libgcc.a(_exit.o)
                0x000023d6                _exit
                0x000023d6                exit
 *(.fini9)
 *(.fini8)
 *(.fini8)
 *(.fini7)
 *(.fini7)
 *(.fini6)
 *(.fini6)
 *(.fini5)
 *(.fini5)
 *(.fini4)
 *(.fini4)
 *(.fini3)
 *(.fini3)
 *(.fini2)
 *(.fini2)
 *(.fini1)
 *(.fini1)
 *(.fini0)
 .fini0         0x000023d6        0x4 c:/program files (x86)/atmel/studio/7.0/toolchain/avr8/avr8-gnu-toolchain/bin/../lib/gcc/avr/4.9.2/avr51\libgcc.a(_exit.o)
 *(.fini0)
                0x000023da                _etext = .

.data           0x00800100        0xc load address 0x000023da
                0x00800100                PROVIDE (__data_start, .)
 *(.data)
 *(.data*)
 .data.rotateTime
                0x00800100        0x2 RotateCrossing.o
 .data.TIME_INTO_MID_CROSSING
                0x00800102        0x2 RotateCrossing.o
 .data.IR_threshold
                0x00800104        0x2 RotateCrossing.o
 .data.IR_threshold
                0x00800106        0x2 SensorAlgorithm.o
                0x00800106                IR_threshold
 *(.rodata)
 *(.rodata*)
 .rodata.str1.1
                0x00800108        0x4 SteeringModule.o
 *(.gnu.linkonce.d*)
                0x0080010c                . = ALIGN (0x2)
                0x0080010c                _edata = .
                0x0080010c                PROVIDE (__data_end, .)

.bss            0x0080010c      0x219
                0x0080010c                PROVIDE (__bss_start, .)
 *(.bss)
 *(.bss*)
 .bss.pastFirstLine
                0x0080010c        0x1 ObjectDetection.o
                0x0080010c                pastFirstLine
 .bss.errorCount
                0x0080010d        0x2 RotateCrossing.o
                0x0080010d                errorCount
 .bss.requested_vertical_value
                0x0080010f        0x2 RotateCrossing.o
                0x0080010f                requested_vertical_value
 .bss.rotating  0x00800111        0x1 TimerForCalculatingDistances.o
                0x00800111                rotating
 .bss.measure   0x00800112        0x1 TimerForCalculatingDistances.o
                0x00800112                measure
 *(COMMON)
 COMMON         0x00800113       0x3a BusSlave.o
                0x00800113                IRBR
                0x00800115                distanceFront
                0x00800117                TWIdata
                0x00800119                TWIcounter
                0x0080011b                IRFR
                0x0080011d                mode
                0x0080011f                currentAngle
                0x00800121                sensor
                0x00800123                bitArray
                0x00800143                distanceBack
                0x00800145                startbutton
                0x00800147                reflex
                0x00800149                IRFL
                0x0080014b                IRBL
 COMMON         0x0080014d        0x4 MotorController.o
                0x0080014d                rotateSpeed
                0x0080014f                defaultSpeed
 COMMON         0x00800151      0x1c4 NewLabyrinthMemory.o
                0x00800151                lastDirection
                0x00800152                justFoundTape
                0x00800153                currentY
                0x00800155                bestPathLength
                0x00800157                currentStepInPath
                0x00800159                bestPath
                0x00800221                currentX
                0x00800223                hardMode
                0x00800224                bestDirectionPath
                0x00800256                labyrinthmode
                0x00800257                labyrinth
 COMMON         0x00800315        0x1 ObjectDetection.o
                0x00800315                current_mode
 COMMON         0x00800316        0xf RotateCrossing.o
                0x00800316                timeTraveled
                0x0080031a                requested_current_angle
                0x0080031c                exiting_junction
                0x0080031e                current_useful_ultrasound
                0x0080031f                rotatedTime
                0x00800323                goingIn
                0x00800325                PROVIDE (__bss_end, .)
                0x000023da                __data_load_start = LOADADDR (.data)
                0x000023e6                __data_load_end = (__data_load_start + SIZEOF (.data))

.noinit         0x00800325        0x0
                0x00800325                PROVIDE (__noinit_start, .)
 *(.noinit*)
                0x00800325                PROVIDE (__noinit_end, .)
                0x00800325                _end = .
                0x00800325                PROVIDE (__heap_start, .)

.eeprom         0x00810000        0x0
 *(.eeprom*)
                0x00810000                __eeprom_end = .

.fuse
 *(.fuse)
 *(.lfuse)
 *(.hfuse)
 *(.efuse)

.lock
 *(.lock*)

.signature
 *(.signature*)

.user_signatures
 *(.user_signatures*)

.stab
 *(.stab)

.stabstr
 *(.stabstr)

.stab.excl
 *(.stab.excl)

.stab.exclstr
 *(.stab.exclstr)

.stab.index
 *(.stab.index)

.stab.indexstr
 *(.stab.indexstr)

.comment        0x00000000       0x30
 *(.comment)
 .comment       0x00000000       0x30 BusSlave.o
                                 0x31 (size before relaxing)
 .comment       0x00000030       0x31 BusValues.o
 .comment       0x00000030       0x31 GrippingClaw.o
 .comment       0x00000030       0x31 MotorController.o
 .comment       0x00000030       0x31 NewLabyrinthMemory.o
 .comment       0x00000030       0x31 ObjectDetection.o
 .comment       0x00000030       0x31 PDController.o
 .comment       0x00000030       0x31 RotateCrossing.o
 .comment       0x00000030       0x31 SensorAlgorithm.o
 .comment       0x00000030       0x31 SteeringModule.o
 .comment       0x00000030       0x31 TimerForCalculatingDistances.o

.note.gnu.avr.deviceinfo
                0x00000000       0x40
 .note.gnu.avr.deviceinfo
                0x00000000       0x40 C:/Program Files (x86)/Atmel/Studio/7.0/Packs/atmel/ATmega_DFP/1.0.90/gcc/dev/atmega1284p/avr51/crtatmega1284p.o

.note.gnu.build-id
 *(.note.gnu.build-id)

.debug
 *(.debug)

.line
 *(.line)

.debug_srcinfo
 *(.debug_srcinfo)

.debug_sfnames
 *(.debug_sfnames)

.debug_aranges  0x00000000      0x2e0
 *(.debug_aranges)
 .debug_aranges
                0x00000000       0x28 BusSlave.o
 .debug_aranges
                0x00000028       0x20 BusValues.o
 .debug_aranges
                0x00000048       0x28 GrippingClaw.o
 .debug_aranges
                0x00000070       0x58 MotorController.o
 .debug_aranges
                0x000000c8       0x88 NewLabyrinthMemory.o
 .debug_aranges
                0x00000150       0x30 ObjectDetection.o
 .debug_aranges
                0x00000180       0x20 PDController.o
 .debug_aranges
                0x000001a0       0xa8 RotateCrossing.o
 .debug_aranges
                0x00000248       0x28 SensorAlgorithm.o
 .debug_aranges
                0x00000270       0x28 SteeringModule.o
 .debug_aranges
                0x00000298       0x48 TimerForCalculatingDistances.o

.debug_pubnames
 *(.debug_pubnames)

.debug_info     0x00000000     0x32a3
 *(.debug_info .gnu.linkonce.wi.*)
 .debug_info    0x00000000      0x213 BusSlave.o
 .debug_info    0x00000213      0x126 BusValues.o
 .debug_info    0x00000339      0x10f GrippingClaw.o
 .debug_info    0x00000448      0x3d6 MotorController.o
 .debug_info    0x0000081e      0x906 NewLabyrinthMemory.o
 .debug_info    0x00001124      0x451 ObjectDetection.o
 .debug_info    0x00001575      0x1a0 PDController.o
 .debug_info    0x00001715      0xcbd RotateCrossing.o
 .debug_info    0x000023d2      0x196 SensorAlgorithm.o
 .debug_info    0x00002568      0xa0f SteeringModule.o
 .debug_info    0x00002f77      0x32c TimerForCalculatingDistances.o

.debug_abbrev   0x00000000      0xd9c
 *(.debug_abbrev)
 .debug_abbrev  0x00000000       0xea BusSlave.o
 .debug_abbrev  0x000000ea       0x71 BusValues.o
 .debug_abbrev  0x0000015b       0xc7 GrippingClaw.o
 .debug_abbrev  0x00000222      0x103 MotorController.o
 .debug_abbrev  0x00000325      0x2b8 NewLabyrinthMemory.o
 .debug_abbrev  0x000005dd      0x199 ObjectDetection.o
 .debug_abbrev  0x00000776       0xc6 PDController.o
 .debug_abbrev  0x0000083c      0x237 RotateCrossing.o
 .debug_abbrev  0x00000a73       0x96 SensorAlgorithm.o
 .debug_abbrev  0x00000b09      0x1e3 SteeringModule.o
 .debug_abbrev  0x00000cec       0xb0 TimerForCalculatingDistances.o

.debug_line     0x00000000     0x1c39
 *(.debug_line .debug_line.* .debug_line_end)
 .debug_line    0x00000000      0x17e BusSlave.o
 .debug_line    0x0000017e       0xe9 BusValues.o
 .debug_line    0x00000267       0xec GrippingClaw.o
 .debug_line    0x00000353      0x282 MotorController.o
 .debug_line    0x000005d5      0x7ec NewLabyrinthMemory.o
 .debug_line    0x00000dc1      0x1cc ObjectDetection.o
 .debug_line    0x00000f8d       0xd0 PDController.o
 .debug_line    0x0000105d      0x46c RotateCrossing.o
 .debug_line    0x000014c9      0x133 SensorAlgorithm.o
 .debug_line    0x000015fc      0x48e SteeringModule.o
 .debug_line    0x00001a8a      0x1af TimerForCalculatingDistances.o

.debug_frame    0x00000000      0x7b4
 *(.debug_frame)
 .debug_frame   0x00000000       0x7c BusSlave.o
 .debug_frame   0x0000007c       0x24 BusValues.o
 .debug_frame   0x000000a0       0x34 GrippingClaw.o
 .debug_frame   0x000000d4       0xc4 MotorController.o
 .debug_frame   0x00000198      0x1b0 NewLabyrinthMemory.o
 .debug_frame   0x00000348       0x50 ObjectDetection.o
 .debug_frame   0x00000398       0x58 PDController.o
 .debug_frame   0x000003f0      0x280 RotateCrossing.o
 .debug_frame   0x00000670       0x34 SensorAlgorithm.o
 .debug_frame   0x000006a4       0x54 SteeringModule.o
 .debug_frame   0x000006f8       0xbc TimerForCalculatingDistances.o

.debug_str      0x00000000      0xcab
 *(.debug_str)
 .debug_str     0x00000000      0x1f1 BusSlave.o
                                0x22f (size before relaxing)
 .debug_str     0x000001f1       0x17 BusValues.o
                                0x179 (size before relaxing)
 .debug_str     0x00000208      0x10a GrippingClaw.o
                                0x23d (size before relaxing)
 .debug_str     0x00000312       0xce MotorController.o
                                0x2a6 (size before relaxing)
 .debug_str     0x000003e0      0x2c5 NewLabyrinthMemory.o
                                0x463 (size before relaxing)
 .debug_str     0x000006a5      0x172 ObjectDetection.o
                                0x34f (size before relaxing)
 .debug_str     0x00000817       0x61 PDController.o
                                0x1e1 (size before relaxing)
 .debug_str     0x00000878      0x2e5 RotateCrossing.o
                                0x765 (size before relaxing)
 .debug_str     0x00000b5d       0x59 SensorAlgorithm.o
                                0x268 (size before relaxing)
 .debug_str     0x00000bb6       0xb4 SteeringModule.o
                                0x75a (size before relaxing)
 .debug_str     0x00000c6a       0x41 TimerForCalculatingDistances.o
                                0x39f (size before relaxing)

.debug_loc      0x00000000     0x2828
 *(.debug_loc)
 .debug_loc     0x00000000      0x10b BusSlave.o
 .debug_loc     0x0000010b      0x108 BusValues.o
 .debug_loc     0x00000213      0x321 MotorController.o
 .debug_loc     0x00000534      0xc01 NewLabyrinthMemory.o
 .debug_loc     0x00001135      0x181 ObjectDetection.o
 .debug_loc     0x000012b6      0x1af PDController.o
 .debug_loc     0x00001465      0xe1e RotateCrossing.o
 .debug_loc     0x00002283      0x411 SensorAlgorithm.o
 .debug_loc     0x00002694       0xc9 SteeringModule.o
 .debug_loc     0x0000275d       0xcb TimerForCalculatingDistances.o

.debug_macinfo
 *(.debug_macinfo)

.debug_weaknames
 *(.debug_weaknames)

.debug_funcnames
 *(.debug_funcnames)

.debug_typenames
 *(.debug_typenames)

.debug_varnames
 *(.debug_varnames)

.debug_pubtypes
 *(.debug_pubtypes)

.debug_ranges   0x00000000      0x310
 *(.debug_ranges)
 .debug_ranges  0x00000000       0x18 BusSlave.o
 .debug_ranges  0x00000018       0x10 BusValues.o
 .debug_ranges  0x00000028       0x18 GrippingClaw.o
 .debug_ranges  0x00000040       0x48 MotorController.o
 .debug_ranges  0x00000088      0x158 NewLabyrinthMemory.o
 .debug_ranges  0x000001e0       0x20 ObjectDetection.o
 .debug_ranges  0x00000200       0x10 PDController.o
 .debug_ranges  0x00000210       0x98 RotateCrossing.o
 .debug_ranges  0x000002a8       0x18 SensorAlgorithm.o
 .debug_ranges  0x000002c0       0x18 SteeringModule.o
 .debug_ranges  0x000002d8       0x38 TimerForCalculatingDistances.o

.debug_macro
 *(.debug_macro)
OUTPUT(Styrmodul_6_2(2).elf elf32-avr)
LOAD linker stubs
