Archive member included to satisfy reference by file (symbol)

c:/program files (x86)/atmel/studio/7.0/toolchain/avr8/avr8-gnu-toolchain/bin/../lib/gcc/avr/4.9.2/../../../../avr/lib/avr51\libm.a(addsf3.o)
                              MotorController.o (__subsf3)
c:/program files (x86)/atmel/studio/7.0/toolchain/avr8/avr8-gnu-toolchain/bin/../lib/gcc/avr/4.9.2/../../../../avr/lib/avr51\libm.a(addsf3x.o)
                              c:/program files (x86)/atmel/studio/7.0/toolchain/avr8/avr8-gnu-toolchain/bin/../lib/gcc/avr/4.9.2/../../../../avr/lib/avr51\libm.a(addsf3.o) (__addsf3x)
c:/program files (x86)/atmel/studio/7.0/toolchain/avr8/avr8-gnu-toolchain/bin/../lib/gcc/avr/4.9.2/../../../../avr/lib/avr51\libm.a(cmpsf2.o)
                              RotateCrossing.o (__ltsf2)
c:/program files (x86)/atmel/studio/7.0/toolchain/avr8/avr8-gnu-toolchain/bin/../lib/gcc/avr/4.9.2/../../../../avr/lib/avr51\libm.a(fixsfsi.o)
                              MotorController.o (__fixsfsi)
c:/program files (x86)/atmel/studio/7.0/toolchain/avr8/avr8-gnu-toolchain/bin/../lib/gcc/avr/4.9.2/../../../../avr/lib/avr51\libm.a(fixunssfsi.o)
                              c:/program files (x86)/atmel/studio/7.0/toolchain/avr8/avr8-gnu-toolchain/bin/../lib/gcc/avr/4.9.2/../../../../avr/lib/avr51\libm.a(fixsfsi.o) (__fixunssfsi)
c:/program files (x86)/atmel/studio/7.0/toolchain/avr8/avr8-gnu-toolchain/bin/../lib/gcc/avr/4.9.2/../../../../avr/lib/avr51\libm.a(floatsisf.o)
                              MotorController.o (__floatsisf)
c:/program files (x86)/atmel/studio/7.0/toolchain/avr8/avr8-gnu-toolchain/bin/../lib/gcc/avr/4.9.2/../../../../avr/lib/avr51\libm.a(fp_cmp.o)
                              c:/program files (x86)/atmel/studio/7.0/toolchain/avr8/avr8-gnu-toolchain/bin/../lib/gcc/avr/4.9.2/../../../../avr/lib/avr51\libm.a(cmpsf2.o) (__fp_cmp)
c:/program files (x86)/atmel/studio/7.0/toolchain/avr8/avr8-gnu-toolchain/bin/../lib/gcc/avr/4.9.2/../../../../avr/lib/avr51\libm.a(fp_inf.o)
                              c:/program files (x86)/atmel/studio/7.0/toolchain/avr8/avr8-gnu-toolchain/bin/../lib/gcc/avr/4.9.2/../../../../avr/lib/avr51\libm.a(addsf3x.o) (__fp_inf)
c:/program files (x86)/atmel/studio/7.0/toolchain/avr8/avr8-gnu-toolchain/bin/../lib/gcc/avr/4.9.2/../../../../avr/lib/avr51\libm.a(fp_nan.o)
                              c:/program files (x86)/atmel/studio/7.0/toolchain/avr8/avr8-gnu-toolchain/bin/../lib/gcc/avr/4.9.2/../../../../avr/lib/avr51\libm.a(addsf3x.o) (__fp_nan)
c:/program files (x86)/atmel/studio/7.0/toolchain/avr8/avr8-gnu-toolchain/bin/../lib/gcc/avr/4.9.2/../../../../avr/lib/avr51\libm.a(fp_pscA.o)
                              c:/program files (x86)/atmel/studio/7.0/toolchain/avr8/avr8-gnu-toolchain/bin/../lib/gcc/avr/4.9.2/../../../../avr/lib/avr51\libm.a(addsf3x.o) (__fp_pscA)
c:/program files (x86)/atmel/studio/7.0/toolchain/avr8/avr8-gnu-toolchain/bin/../lib/gcc/avr/4.9.2/../../../../avr/lib/avr51\libm.a(fp_pscB.o)
                              c:/program files (x86)/atmel/studio/7.0/toolchain/avr8/avr8-gnu-toolchain/bin/../lib/gcc/avr/4.9.2/../../../../avr/lib/avr51\libm.a(addsf3x.o) (__fp_pscB)
c:/program files (x86)/atmel/studio/7.0/toolchain/avr8/avr8-gnu-toolchain/bin/../lib/gcc/avr/4.9.2/../../../../avr/lib/avr51\libm.a(fp_round.o)
                              c:/program files (x86)/atmel/studio/7.0/toolchain/avr8/avr8-gnu-toolchain/bin/../lib/gcc/avr/4.9.2/../../../../avr/lib/avr51\libm.a(addsf3.o) (__fp_round)
c:/program files (x86)/atmel/studio/7.0/toolchain/avr8/avr8-gnu-toolchain/bin/../lib/gcc/avr/4.9.2/../../../../avr/lib/avr51\libm.a(fp_split3.o)
                              c:/program files (x86)/atmel/studio/7.0/toolchain/avr8/avr8-gnu-toolchain/bin/../lib/gcc/avr/4.9.2/../../../../avr/lib/avr51\libm.a(addsf3x.o) (__fp_split3)
c:/program files (x86)/atmel/studio/7.0/toolchain/avr8/avr8-gnu-toolchain/bin/../lib/gcc/avr/4.9.2/../../../../avr/lib/avr51\libm.a(fp_zero.o)
                              c:/program files (x86)/atmel/studio/7.0/toolchain/avr8/avr8-gnu-toolchain/bin/../lib/gcc/avr/4.9.2/../../../../avr/lib/avr51\libm.a(addsf3x.o) (__fp_zero)
c:/program files (x86)/atmel/studio/7.0/toolchain/avr8/avr8-gnu-toolchain/bin/../lib/gcc/avr/4.9.2/../../../../avr/lib/avr51\libm.a(gesf2.o)
                              SteeringModule.o (__gtsf2)
c:/program files (x86)/atmel/studio/7.0/toolchain/avr8/avr8-gnu-toolchain/bin/../lib/gcc/avr/4.9.2/../../../../avr/lib/avr51\libm.a(mulsf3.o)
                              MotorController.o (__mulsf3)
c:/program files (x86)/atmel/studio/7.0/toolchain/avr8/avr8-gnu-toolchain/bin/../lib/gcc/avr/4.9.2/../../../../avr/lib/avr51\libm.a(mulsf3x.o)
                              c:/program files (x86)/atmel/studio/7.0/toolchain/avr8/avr8-gnu-toolchain/bin/../lib/gcc/avr/4.9.2/../../../../avr/lib/avr51\libm.a(mulsf3.o) (__mulsf3x)
c:/program files (x86)/atmel/studio/7.0/toolchain/avr8/avr8-gnu-toolchain/bin/../lib/gcc/avr/4.9.2/avr51\libgcc.a(_exit.o)
                              C:/Program Files (x86)/Atmel/Studio/7.0/Packs/atmel/ATmega_DFP/1.0.90/gcc/dev/atmega1284p/avr51/crtatmega1284p.o (exit)
c:/program files (x86)/atmel/studio/7.0/toolchain/avr8/avr8-gnu-toolchain/bin/../lib/gcc/avr/4.9.2/avr51\libgcc.a(_tablejump2.o)
                              BusValues.o (__tablejump2__)
c:/program files (x86)/atmel/studio/7.0/toolchain/avr8/avr8-gnu-toolchain/bin/../lib/gcc/avr/4.9.2/avr51\libgcc.a(_copy_data.o)
                              RotateCrossing.o (__do_copy_data)
c:/program files (x86)/atmel/studio/7.0/toolchain/avr8/avr8-gnu-toolchain/bin/../lib/gcc/avr/4.9.2/avr51\libgcc.a(_clear_bss.o)
                              BusSlave.o (__do_clear_bss)

Allocating common symbols
Common symbol       size              file

IRBR                0x2               BusSlave.o
rotateSpeed         0x2               MotorController.o
distanceFront       0x2               BusSlave.o
timeTraveled        0x4               RotateCrossing.o
lastDirection       0x1               NewLabyrinthMemory.o
TWIdata             0x2               BusSlave.o
current_mode        0x1               ObjectDetection.o
justFoundTape       0x1               NewLabyrinthMemory.o
currentY            0x2               NewLabyrinthMemory.o
requested_current_angle
                    0x2               RotateCrossing.o
TWIcounter          0x2               BusSlave.o
IRFR                0x2               BusSlave.o
mode                0x2               BusSlave.o
exiting_junction    0x2               RotateCrossing.o
bestPathLength      0x2               NewLabyrinthMemory.o
current_useful_ultrasound
                    0x1               RotateCrossing.o
rotatedTime         0x4               RotateCrossing.o
currentStepInPath   0x2               NewLabyrinthMemory.o
bestPath            0xc8              NewLabyrinthMemory.o
currentX            0x2               NewLabyrinthMemory.o
currentAngle        0x2               BusSlave.o
defaultSpeed        0x2               MotorController.o
bitArray            0x20              BusSlave.o
distanceBack        0x2               BusSlave.o
bestDirectionPath   0x32              NewLabyrinthMemory.o
goingIn             0x2               RotateCrossing.o
labyrinthmode       0x1               NewLabyrinthMemory.o
startbutton         0x2               BusSlave.o
reflex              0x2               BusSlave.o
IRFL                0x2               BusSlave.o
IRBL                0x2               BusSlave.o
labyrinth           0xbe              NewLabyrinthMemory.o

Discarded input sections

 .data          0x00000000        0x0 C:/Program Files (x86)/Atmel/Studio/7.0/Packs/atmel/ATmega_DFP/1.0.90/gcc/dev/atmega1284p/avr51/crtatmega1284p.o
 .bss           0x00000000        0x0 C:/Program Files (x86)/Atmel/Studio/7.0/Packs/atmel/ATmega_DFP/1.0.90/gcc/dev/atmega1284p/avr51/crtatmega1284p.o
 .text          0x00000000        0x0 BusSlave.o
 .data          0x00000000        0x0 BusSlave.o
 .bss           0x00000000        0x0 BusSlave.o
 .text          0x00000000        0x0 BusValues.o
 .data          0x00000000        0x0 BusValues.o
 .bss           0x00000000        0x0 BusValues.o
 .text          0x00000000        0x0 DebugHelp.o
 .data          0x00000000        0x0 DebugHelp.o
 .bss           0x00000000        0x0 DebugHelp.o
 .text          0x00000000        0x0 GrippingClaw.o
 .data          0x00000000        0x0 GrippingClaw.o
 .bss           0x00000000        0x0 GrippingClaw.o
 .text          0x00000000        0x0 MotorController.o
 .data          0x00000000        0x0 MotorController.o
 .bss           0x00000000        0x0 MotorController.o
 .text          0x00000000        0x0 LabyrinthMemory.o
 .data          0x00000000        0x0 LabyrinthMemory.o
 .bss           0x00000000        0x0 LabyrinthMemory.o
 .debug_line    0x00000000        0x0 LabyrinthMemory.o
 .debug_str     0x00000000      0x12a LabyrinthMemory.o
 .comment       0x00000000       0x31 LabyrinthMemory.o
 .text          0x00000000        0x0 NewLabyrinthMemory.o
 .data          0x00000000        0x0 NewLabyrinthMemory.o
 .bss           0x00000000        0x0 NewLabyrinthMemory.o
 .text.checkUnexploredNodes
                0x00000000       0x76 NewLabyrinthMemory.o
 .text          0x00000000        0x0 ObjectDetection.o
 .data          0x00000000        0x0 ObjectDetection.o
 .bss           0x00000000        0x0 ObjectDetection.o
 .text          0x00000000        0x0 PDController.o
 .data          0x00000000        0x0 PDController.o
 .bss           0x00000000        0x0 PDController.o
 .text          0x00000000        0x0 RotateCrossing.o
 .data          0x00000000        0x0 RotateCrossing.o
 .bss           0x00000000        0x0 RotateCrossing.o
 .text.ownAbs   0x00000000        0xc RotateCrossing.o
 .text.openForward
                0x00000000       0x10 RotateCrossing.o
 .bss.exiting   0x00000000        0x1 RotateCrossing.o
 .bss.counter   0x00000000        0x2 RotateCrossing.o
 .data.MIN_LEN_FORWARD
                0x00000000        0x2 RotateCrossing.o
 .bss.test_variable
                0x00000000        0x2 RotateCrossing.o
 .data.angleThreshold
                0x00000000        0x2 RotateCrossing.o
 .text          0x00000000        0x0 SensorAlgorithm.o
 .data          0x00000000        0x0 SensorAlgorithm.o
 .bss           0x00000000        0x0 SensorAlgorithm.o
 .text          0x00000000        0x0 SteeringModule.o
 .data          0x00000000        0x0 SteeringModule.o
 .bss           0x00000000        0x0 SteeringModule.o
 .text          0x00000000        0x0 TimerForCalculatingDistances.o
 .data          0x00000000        0x0 TimerForCalculatingDistances.o
 .bss           0x00000000        0x0 TimerForCalculatingDistances.o
 .text          0x00000000        0x0 c:/program files (x86)/atmel/studio/7.0/toolchain/avr8/avr8-gnu-toolchain/bin/../lib/gcc/avr/4.9.2/../../../../avr/lib/avr51\libm.a(addsf3.o)
 .data          0x00000000        0x0 c:/program files (x86)/atmel/studio/7.0/toolchain/avr8/avr8-gnu-toolchain/bin/../lib/gcc/avr/4.9.2/../../../../avr/lib/avr51\libm.a(addsf3.o)
 .bss           0x00000000        0x0 c:/program files (x86)/atmel/studio/7.0/toolchain/avr8/avr8-gnu-toolchain/bin/../lib/gcc/avr/4.9.2/../../../../avr/lib/avr51\libm.a(addsf3.o)
 .text          0x00000000        0x0 c:/program files (x86)/atmel/studio/7.0/toolchain/avr8/avr8-gnu-toolchain/bin/../lib/gcc/avr/4.9.2/../../../../avr/lib/avr51\libm.a(addsf3x.o)
 .data          0x00000000        0x0 c:/program files (x86)/atmel/studio/7.0/toolchain/avr8/avr8-gnu-toolchain/bin/../lib/gcc/avr/4.9.2/../../../../avr/lib/avr51\libm.a(addsf3x.o)
 .bss           0x00000000        0x0 c:/program files (x86)/atmel/studio/7.0/toolchain/avr8/avr8-gnu-toolchain/bin/../lib/gcc/avr/4.9.2/../../../../avr/lib/avr51\libm.a(addsf3x.o)
 .text          0x00000000        0x0 c:/program files (x86)/atmel/studio/7.0/toolchain/avr8/avr8-gnu-toolchain/bin/../lib/gcc/avr/4.9.2/../../../../avr/lib/avr51\libm.a(cmpsf2.o)
 .data          0x00000000        0x0 c:/program files (x86)/atmel/studio/7.0/toolchain/avr8/avr8-gnu-toolchain/bin/../lib/gcc/avr/4.9.2/../../../../avr/lib/avr51\libm.a(cmpsf2.o)
 .bss           0x00000000        0x0 c:/program files (x86)/atmel/studio/7.0/toolchain/avr8/avr8-gnu-toolchain/bin/../lib/gcc/avr/4.9.2/../../../../avr/lib/avr51\libm.a(cmpsf2.o)
 .text          0x00000000        0x0 c:/program files (x86)/atmel/studio/7.0/toolchain/avr8/avr8-gnu-toolchain/bin/../lib/gcc/avr/4.9.2/../../../../avr/lib/avr51\libm.a(fixsfsi.o)
 .data          0x00000000        0x0 c:/program files (x86)/atmel/studio/7.0/toolchain/avr8/avr8-gnu-toolchain/bin/../lib/gcc/avr/4.9.2/../../../../avr/lib/avr51\libm.a(fixsfsi.o)
 .bss           0x00000000        0x0 c:/program files (x86)/atmel/studio/7.0/toolchain/avr8/avr8-gnu-toolchain/bin/../lib/gcc/avr/4.9.2/../../../../avr/lib/avr51\libm.a(fixsfsi.o)
 .text          0x00000000        0x0 c:/program files (x86)/atmel/studio/7.0/toolchain/avr8/avr8-gnu-toolchain/bin/../lib/gcc/avr/4.9.2/../../../../avr/lib/avr51\libm.a(fixunssfsi.o)
 .data          0x00000000        0x0 c:/program files (x86)/atmel/studio/7.0/toolchain/avr8/avr8-gnu-toolchain/bin/../lib/gcc/avr/4.9.2/../../../../avr/lib/avr51\libm.a(fixunssfsi.o)
 .bss           0x00000000        0x0 c:/program files (x86)/atmel/studio/7.0/toolchain/avr8/avr8-gnu-toolchain/bin/../lib/gcc/avr/4.9.2/../../../../avr/lib/avr51\libm.a(fixunssfsi.o)
 .text          0x00000000        0x0 c:/program files (x86)/atmel/studio/7.0/toolchain/avr8/avr8-gnu-toolchain/bin/../lib/gcc/avr/4.9.2/../../../../avr/lib/avr51\libm.a(floatsisf.o)
 .data          0x00000000        0x0 c:/program files (x86)/atmel/studio/7.0/toolchain/avr8/avr8-gnu-toolchain/bin/../lib/gcc/avr/4.9.2/../../../../avr/lib/avr51\libm.a(floatsisf.o)
 .bss           0x00000000        0x0 c:/program files (x86)/atmel/studio/7.0/toolchain/avr8/avr8-gnu-toolchain/bin/../lib/gcc/avr/4.9.2/../../../../avr/lib/avr51\libm.a(floatsisf.o)
 .text          0x00000000        0x0 c:/program files (x86)/atmel/studio/7.0/toolchain/avr8/avr8-gnu-toolchain/bin/../lib/gcc/avr/4.9.2/../../../../avr/lib/avr51\libm.a(fp_cmp.o)
 .data          0x00000000        0x0 c:/program files (x86)/atmel/studio/7.0/toolchain/avr8/avr8-gnu-toolchain/bin/../lib/gcc/avr/4.9.2/../../../../avr/lib/avr51\libm.a(fp_cmp.o)
 .bss           0x00000000        0x0 c:/program files (x86)/atmel/studio/7.0/toolchain/avr8/avr8-gnu-toolchain/bin/../lib/gcc/avr/4.9.2/../../../../avr/lib/avr51\libm.a(fp_cmp.o)
 .text          0x00000000        0x0 c:/program files (x86)/atmel/studio/7.0/toolchain/avr8/avr8-gnu-toolchain/bin/../lib/gcc/avr/4.9.2/../../../../avr/lib/avr51\libm.a(fp_inf.o)
 .data          0x00000000        0x0 c:/program files (x86)/atmel/studio/7.0/toolchain/avr8/avr8-gnu-toolchain/bin/../lib/gcc/avr/4.9.2/../../../../avr/lib/avr51\libm.a(fp_inf.o)
 .bss           0x00000000        0x0 c:/program files (x86)/atmel/studio/7.0/toolchain/avr8/avr8-gnu-toolchain/bin/../lib/gcc/avr/4.9.2/../../../../avr/lib/avr51\libm.a(fp_inf.o)
 .text          0x00000000        0x0 c:/program files (x86)/atmel/studio/7.0/toolchain/avr8/avr8-gnu-toolchain/bin/../lib/gcc/avr/4.9.2/../../../../avr/lib/avr51\libm.a(fp_nan.o)
 .data          0x00000000        0x0 c:/program files (x86)/atmel/studio/7.0/toolchain/avr8/avr8-gnu-toolchain/bin/../lib/gcc/avr/4.9.2/../../../../avr/lib/avr51\libm.a(fp_nan.o)
 .bss           0x00000000        0x0 c:/program files (x86)/atmel/studio/7.0/toolchain/avr8/avr8-gnu-toolchain/bin/../lib/gcc/avr/4.9.2/../../../../avr/lib/avr51\libm.a(fp_nan.o)
 .text          0x00000000        0x0 c:/program files (x86)/atmel/studio/7.0/toolchain/avr8/avr8-gnu-toolchain/bin/../lib/gcc/avr/4.9.2/../../../../avr/lib/avr51\libm.a(fp_pscA.o)
 .data          0x00000000        0x0 c:/program files (x86)/atmel/studio/7.0/toolchain/avr8/avr8-gnu-toolchain/bin/../lib/gcc/avr/4.9.2/../../../../avr/lib/avr51\libm.a(fp_pscA.o)
 .bss           0x00000000        0x0 c:/program files (x86)/atmel/studio/7.0/toolchain/avr8/avr8-gnu-toolchain/bin/../lib/gcc/avr/4.9.2/../../../../avr/lib/avr51\libm.a(fp_pscA.o)
 .text          0x00000000        0x0 c:/program files (x86)/atmel/studio/7.0/toolchain/avr8/avr8-gnu-toolchain/bin/../lib/gcc/avr/4.9.2/../../../../avr/lib/avr51\libm.a(fp_pscB.o)
 .data          0x00000000        0x0 c:/program files (x86)/atmel/studio/7.0/toolchain/avr8/avr8-gnu-toolchain/bin/../lib/gcc/avr/4.9.2/../../../../avr/lib/avr51\libm.a(fp_pscB.o)
 .bss           0x00000000        0x0 c:/program files (x86)/atmel/studio/7.0/toolchain/avr8/avr8-gnu-toolchain/bin/../lib/gcc/avr/4.9.2/../../../../avr/lib/avr51\libm.a(fp_pscB.o)
 .text          0x00000000        0x0 c:/program files (x86)/atmel/studio/7.0/toolchain/avr8/avr8-gnu-toolchain/bin/../lib/gcc/avr/4.9.2/../../../../avr/lib/avr51\libm.a(fp_round.o)
 .data          0x00000000        0x0 c:/program files (x86)/atmel/studio/7.0/toolchain/avr8/avr8-gnu-toolchain/bin/../lib/gcc/avr/4.9.2/../../../../avr/lib/avr51\libm.a(fp_round.o)
 .bss           0x00000000        0x0 c:/program files (x86)/atmel/studio/7.0/toolchain/avr8/avr8-gnu-toolchain/bin/../lib/gcc/avr/4.9.2/../../../../avr/lib/avr51\libm.a(fp_round.o)
 .text          0x00000000        0x0 c:/program files (x86)/atmel/studio/7.0/toolchain/avr8/avr8-gnu-toolchain/bin/../lib/gcc/avr/4.9.2/../../../../avr/lib/avr51\libm.a(fp_split3.o)
 .data          0x00000000        0x0 c:/program files (x86)/atmel/studio/7.0/toolchain/avr8/avr8-gnu-toolchain/bin/../lib/gcc/avr/4.9.2/../../../../avr/lib/avr51\libm.a(fp_split3.o)
 .bss           0x00000000        0x0 c:/program files (x86)/atmel/studio/7.0/toolchain/avr8/avr8-gnu-toolchain/bin/../lib/gcc/avr/4.9.2/../../../../avr/lib/avr51\libm.a(fp_split3.o)
 .text          0x00000000        0x0 c:/program files (x86)/atmel/studio/7.0/toolchain/avr8/avr8-gnu-toolchain/bin/../lib/gcc/avr/4.9.2/../../../../avr/lib/avr51\libm.a(fp_zero.o)
 .data          0x00000000        0x0 c:/program files (x86)/atmel/studio/7.0/toolchain/avr8/avr8-gnu-toolchain/bin/../lib/gcc/avr/4.9.2/../../../../avr/lib/avr51\libm.a(fp_zero.o)
 .bss           0x00000000        0x0 c:/program files (x86)/atmel/studio/7.0/toolchain/avr8/avr8-gnu-toolchain/bin/../lib/gcc/avr/4.9.2/../../../../avr/lib/avr51\libm.a(fp_zero.o)
 .text          0x00000000        0x0 c:/program files (x86)/atmel/studio/7.0/toolchain/avr8/avr8-gnu-toolchain/bin/../lib/gcc/avr/4.9.2/../../../../avr/lib/avr51\libm.a(gesf2.o)
 .data          0x00000000        0x0 c:/program files (x86)/atmel/studio/7.0/toolchain/avr8/avr8-gnu-toolchain/bin/../lib/gcc/avr/4.9.2/../../../../avr/lib/avr51\libm.a(gesf2.o)
 .bss           0x00000000        0x0 c:/program files (x86)/atmel/studio/7.0/toolchain/avr8/avr8-gnu-toolchain/bin/../lib/gcc/avr/4.9.2/../../../../avr/lib/avr51\libm.a(gesf2.o)
 .text          0x00000000        0x0 c:/program files (x86)/atmel/studio/7.0/toolchain/avr8/avr8-gnu-toolchain/bin/../lib/gcc/avr/4.9.2/../../../../avr/lib/avr51\libm.a(mulsf3.o)
 .data          0x00000000        0x0 c:/program files (x86)/atmel/studio/7.0/toolchain/avr8/avr8-gnu-toolchain/bin/../lib/gcc/avr/4.9.2/../../../../avr/lib/avr51\libm.a(mulsf3.o)
 .bss           0x00000000        0x0 c:/program files (x86)/atmel/studio/7.0/toolchain/avr8/avr8-gnu-toolchain/bin/../lib/gcc/avr/4.9.2/../../../../avr/lib/avr51\libm.a(mulsf3.o)
 .text          0x00000000        0x0 c:/program files (x86)/atmel/studio/7.0/toolchain/avr8/avr8-gnu-toolchain/bin/../lib/gcc/avr/4.9.2/../../../../avr/lib/avr51\libm.a(mulsf3x.o)
 .data          0x00000000        0x0 c:/program files (x86)/atmel/studio/7.0/toolchain/avr8/avr8-gnu-toolchain/bin/../lib/gcc/avr/4.9.2/../../../../avr/lib/avr51\libm.a(mulsf3x.o)
 .bss           0x00000000        0x0 c:/program files (x86)/atmel/studio/7.0/toolchain/avr8/avr8-gnu-toolchain/bin/../lib/gcc/avr/4.9.2/../../../../avr/lib/avr51\libm.a(mulsf3x.o)
 .text          0x00000000        0x0 c:/program files (x86)/atmel/studio/7.0/toolchain/avr8/avr8-gnu-toolchain/bin/../lib/gcc/avr/4.9.2/avr51\libgcc.a(_exit.o)
 .data          0x00000000        0x0 c:/program files (x86)/atmel/studio/7.0/toolchain/avr8/avr8-gnu-toolchain/bin/../lib/gcc/avr/4.9.2/avr51\libgcc.a(_exit.o)
 .bss           0x00000000        0x0 c:/program files (x86)/atmel/studio/7.0/toolchain/avr8/avr8-gnu-toolchain/bin/../lib/gcc/avr/4.9.2/avr51\libgcc.a(_exit.o)
 .text.libgcc.mul
                0x00000000        0x0 c:/program files (x86)/atmel/studio/7.0/toolchain/avr8/avr8-gnu-toolchain/bin/../lib/gcc/avr/4.9.2/avr51\libgcc.a(_exit.o)
 .text.libgcc.div
                0x00000000        0x0 c:/program files (x86)/atmel/studio/7.0/toolchain/avr8/avr8-gnu-toolchain/bin/../lib/gcc/avr/4.9.2/avr51\libgcc.a(_exit.o)
 .text.libgcc   0x00000000        0x0 c:/program files (x86)/atmel/studio/7.0/toolchain/avr8/avr8-gnu-toolchain/bin/../lib/gcc/avr/4.9.2/avr51\libgcc.a(_exit.o)
 .text.libgcc.prologue
                0x00000000        0x0 c:/program files (x86)/atmel/studio/7.0/toolchain/avr8/avr8-gnu-toolchain/bin/../lib/gcc/avr/4.9.2/avr51\libgcc.a(_exit.o)
 .text.libgcc.builtins
                0x00000000        0x0 c:/program files (x86)/atmel/studio/7.0/toolchain/avr8/avr8-gnu-toolchain/bin/../lib/gcc/avr/4.9.2/avr51\libgcc.a(_exit.o)
 .text.libgcc.fmul
                0x00000000        0x0 c:/program files (x86)/atmel/studio/7.0/toolchain/avr8/avr8-gnu-toolchain/bin/../lib/gcc/avr/4.9.2/avr51\libgcc.a(_exit.o)
 .text.libgcc.fixed
                0x00000000        0x0 c:/program files (x86)/atmel/studio/7.0/toolchain/avr8/avr8-gnu-toolchain/bin/../lib/gcc/avr/4.9.2/avr51\libgcc.a(_exit.o)
 .text          0x00000000        0x0 c:/program files (x86)/atmel/studio/7.0/toolchain/avr8/avr8-gnu-toolchain/bin/../lib/gcc/avr/4.9.2/avr51\libgcc.a(_tablejump2.o)
 .data          0x00000000        0x0 c:/program files (x86)/atmel/studio/7.0/toolchain/avr8/avr8-gnu-toolchain/bin/../lib/gcc/avr/4.9.2/avr51\libgcc.a(_tablejump2.o)
 .bss           0x00000000        0x0 c:/program files (x86)/atmel/studio/7.0/toolchain/avr8/avr8-gnu-toolchain/bin/../lib/gcc/avr/4.9.2/avr51\libgcc.a(_tablejump2.o)
 .text.libgcc.mul
                0x00000000        0x0 c:/program files (x86)/atmel/studio/7.0/toolchain/avr8/avr8-gnu-toolchain/bin/../lib/gcc/avr/4.9.2/avr51\libgcc.a(_tablejump2.o)
 .text.libgcc.div
                0x00000000        0x0 c:/program files (x86)/atmel/studio/7.0/toolchain/avr8/avr8-gnu-toolchain/bin/../lib/gcc/avr/4.9.2/avr51\libgcc.a(_tablejump2.o)
 .text.libgcc.prologue
                0x00000000        0x0 c:/program files (x86)/atmel/studio/7.0/toolchain/avr8/avr8-gnu-toolchain/bin/../lib/gcc/avr/4.9.2/avr51\libgcc.a(_tablejump2.o)
 .text.libgcc.builtins
                0x00000000        0x0 c:/program files (x86)/atmel/studio/7.0/toolchain/avr8/avr8-gnu-toolchain/bin/../lib/gcc/avr/4.9.2/avr51\libgcc.a(_tablejump2.o)
 .text.libgcc.fmul
                0x00000000        0x0 c:/program files (x86)/atmel/studio/7.0/toolchain/avr8/avr8-gnu-toolchain/bin/../lib/gcc/avr/4.9.2/avr51\libgcc.a(_tablejump2.o)
 .text.libgcc.fixed
                0x00000000        0x0 c:/program files (x86)/atmel/studio/7.0/toolchain/avr8/avr8-gnu-toolchain/bin/../lib/gcc/avr/4.9.2/avr51\libgcc.a(_tablejump2.o)
 .text          0x00000000        0x0 c:/program files (x86)/atmel/studio/7.0/toolchain/avr8/avr8-gnu-toolchain/bin/../lib/gcc/avr/4.9.2/avr51\libgcc.a(_copy_data.o)
 .data          0x00000000        0x0 c:/program files (x86)/atmel/studio/7.0/toolchain/avr8/avr8-gnu-toolchain/bin/../lib/gcc/avr/4.9.2/avr51\libgcc.a(_copy_data.o)
 .bss           0x00000000        0x0 c:/program files (x86)/atmel/studio/7.0/toolchain/avr8/avr8-gnu-toolchain/bin/../lib/gcc/avr/4.9.2/avr51\libgcc.a(_copy_data.o)
 .text.libgcc.mul
                0x00000000        0x0 c:/program files (x86)/atmel/studio/7.0/toolchain/avr8/avr8-gnu-toolchain/bin/../lib/gcc/avr/4.9.2/avr51\libgcc.a(_copy_data.o)
 .text.libgcc.div
                0x00000000        0x0 c:/program files (x86)/atmel/studio/7.0/toolchain/avr8/avr8-gnu-toolchain/bin/../lib/gcc/avr/4.9.2/avr51\libgcc.a(_copy_data.o)
 .text.libgcc   0x00000000        0x0 c:/program files (x86)/atmel/studio/7.0/toolchain/avr8/avr8-gnu-toolchain/bin/../lib/gcc/avr/4.9.2/avr51\libgcc.a(_copy_data.o)
 .text.libgcc.prologue
                0x00000000        0x0 c:/program files (x86)/atmel/studio/7.0/toolchain/avr8/avr8-gnu-toolchain/bin/../lib/gcc/avr/4.9.2/avr51\libgcc.a(_copy_data.o)
 .text.libgcc.builtins
                0x00000000        0x0 c:/program files (x86)/atmel/studio/7.0/toolchain/avr8/avr8-gnu-toolchain/bin/../lib/gcc/avr/4.9.2/avr51\libgcc.a(_copy_data.o)
 .text.libgcc.fmul
                0x00000000        0x0 c:/program files (x86)/atmel/studio/7.0/toolchain/avr8/avr8-gnu-toolchain/bin/../lib/gcc/avr/4.9.2/avr51\libgcc.a(_copy_data.o)
 .text.libgcc.fixed
                0x00000000        0x0 c:/program files (x86)/atmel/studio/7.0/toolchain/avr8/avr8-gnu-toolchain/bin/../lib/gcc/avr/4.9.2/avr51\libgcc.a(_copy_data.o)
 .text          0x00000000        0x0 c:/program files (x86)/atmel/studio/7.0/toolchain/avr8/avr8-gnu-toolchain/bin/../lib/gcc/avr/4.9.2/avr51\libgcc.a(_clear_bss.o)
 .data          0x00000000        0x0 c:/program files (x86)/atmel/studio/7.0/toolchain/avr8/avr8-gnu-toolchain/bin/../lib/gcc/avr/4.9.2/avr51\libgcc.a(_clear_bss.o)
 .bss           0x00000000        0x0 c:/program files (x86)/atmel/studio/7.0/toolchain/avr8/avr8-gnu-toolchain/bin/../lib/gcc/avr/4.9.2/avr51\libgcc.a(_clear_bss.o)
 .text.libgcc.mul
                0x00000000        0x0 c:/program files (x86)/atmel/studio/7.0/toolchain/avr8/avr8-gnu-toolchain/bin/../lib/gcc/avr/4.9.2/avr51\libgcc.a(_clear_bss.o)
 .text.libgcc.div
                0x00000000        0x0 c:/program files (x86)/atmel/studio/7.0/toolchain/avr8/avr8-gnu-toolchain/bin/../lib/gcc/avr/4.9.2/avr51\libgcc.a(_clear_bss.o)
 .text.libgcc   0x00000000        0x0 c:/program files (x86)/atmel/studio/7.0/toolchain/avr8/avr8-gnu-toolchain/bin/../lib/gcc/avr/4.9.2/avr51\libgcc.a(_clear_bss.o)
 .text.libgcc.prologue
                0x00000000        0x0 c:/program files (x86)/atmel/studio/7.0/toolchain/avr8/avr8-gnu-toolchain/bin/../lib/gcc/avr/4.9.2/avr51\libgcc.a(_clear_bss.o)
 .text.libgcc.builtins
                0x00000000        0x0 c:/program files (x86)/atmel/studio/7.0/toolchain/avr8/avr8-gnu-toolchain/bin/../lib/gcc/avr/4.9.2/avr51\libgcc.a(_clear_bss.o)
 .text.libgcc.fmul
                0x00000000        0x0 c:/program files (x86)/atmel/studio/7.0/toolchain/avr8/avr8-gnu-toolchain/bin/../lib/gcc/avr/4.9.2/avr51\libgcc.a(_clear_bss.o)
 .text.libgcc.fixed
                0x00000000        0x0 c:/program files (x86)/atmel/studio/7.0/toolchain/avr8/avr8-gnu-toolchain/bin/../lib/gcc/avr/4.9.2/avr51\libgcc.a(_clear_bss.o)

Memory Configuration

Name             Origin             Length             Attributes
text             0x00000000         0x00020000         xr
data             0x00800100         0x0000ff00         rw !x
eeprom           0x00810000         0x00010000         rw !x
fuse             0x00820000         0x00000400         rw !x
lock             0x00830000         0x00000400         rw !x
signature        0x00840000         0x00000400         rw !x
user_signatures  0x00850000         0x00000400         rw !x
*default*        0x00000000         0xffffffff

Linker script and memory map

Address of section .data set to 0x800100
LOAD C:/Program Files (x86)/Atmel/Studio/7.0/Packs/atmel/ATmega_DFP/1.0.90/gcc/dev/atmega1284p/avr51/crtatmega1284p.o
LOAD BusSlave.o
LOAD BusValues.o
LOAD DebugHelp.o
LOAD GrippingClaw.o
LOAD MotorController.o
LOAD LabyrinthMemory.o
LOAD NewLabyrinthMemory.o
LOAD ObjectDetection.o
LOAD PDController.o
LOAD RotateCrossing.o
LOAD SensorAlgorithm.o
LOAD SteeringModule.o
LOAD TimerForCalculatingDistances.o
START GROUP
LOAD c:/program files (x86)/atmel/studio/7.0/toolchain/avr8/avr8-gnu-toolchain/bin/../lib/gcc/avr/4.9.2/../../../../avr/lib/avr51\libm.a
END GROUP
START GROUP
LOAD c:/program files (x86)/atmel/studio/7.0/toolchain/avr8/avr8-gnu-toolchain/bin/../lib/gcc/avr/4.9.2/avr51\libgcc.a
LOAD c:/program files (x86)/atmel/studio/7.0/toolchain/avr8/avr8-gnu-toolchain/bin/../lib/gcc/avr/4.9.2/../../../../avr/lib/avr51\libm.a
LOAD c:/program files (x86)/atmel/studio/7.0/toolchain/avr8/avr8-gnu-toolchain/bin/../lib/gcc/avr/4.9.2/../../../../avr/lib/avr51\libc.a
LOAD C:/Program Files (x86)/Atmel/Studio/7.0/Packs/atmel/ATmega_DFP/1.0.90/gcc/dev/atmega1284p/avr51\libatmega1284p.a
END GROUP

.hash
 *(.hash)

.dynsym
 *(.dynsym)

.dynstr
 *(.dynstr)

.gnu.version
 *(.gnu.version)

.gnu.version_d
 *(.gnu.version_d)

.gnu.version_r
 *(.gnu.version_r)

.rel.init
 *(.rel.init)

.rela.init
 *(.rela.init)

.rel.text
 *(.rel.text)
 *(.rel.text.*)
 *(.rel.gnu.linkonce.t*)

.rela.text
 *(.rela.text)
 *(.rela.text.*)
 *(.rela.gnu.linkonce.t*)

.rel.fini
 *(.rel.fini)

.rela.fini
 *(.rela.fini)

.rel.rodata
 *(.rel.rodata)
 *(.rel.rodata.*)
 *(.rel.gnu.linkonce.r*)

.rela.rodata
 *(.rela.rodata)
 *(.rela.rodata.*)
 *(.rela.gnu.linkonce.r*)

.rel.data
 *(.rel.data)
 *(.rel.data.*)
 *(.rel.gnu.linkonce.d*)

.rela.data
 *(.rela.data)
 *(.rela.data.*)
 *(.rela.gnu.linkonce.d*)

.rel.ctors
 *(.rel.ctors)

.rela.ctors
 *(.rela.ctors)

.rel.dtors
 *(.rel.dtors)

.rela.dtors
 *(.rela.dtors)

.rel.got
 *(.rel.got)

.rela.got
 *(.rela.got)

.rel.bss
 *(.rel.bss)

.rela.bss
 *(.rela.bss)

.rel.plt
 *(.rel.plt)

.rela.plt
 *(.rela.plt)

.text           0x00000000     0x2402
 *(.vectors)
 .vectors       0x00000000       0x8c C:/Program Files (x86)/Atmel/Studio/7.0/Packs/atmel/ATmega_DFP/1.0.90/gcc/dev/atmega1284p/avr51/crtatmega1284p.o
                0x00000000                __vector_default
                0x00000000                __vectors
 *(.vectors)
 *(.progmem.gcc*)
 .progmem.gcc_sw_table.updateBusValues
                0x0000008c       0x1a BusValues.o
 .progmem.gcc_sw_table.convertToMotorData
                0x000000a6        0xe MotorController.o
 .progmem.gcc_sw_table.main
                0x000000b4       0x18 SteeringModule.o
                0x000000cc                . = ALIGN (0x2)
                0x000000cc                __trampolines_start = .
 *(.trampolines)
 .trampolines   0x000000cc        0x0 linker stubs
 *(.trampolines*)
                0x000000cc                __trampolines_end = .
 *(.progmem*)
                0x000000cc                . = ALIGN (0x2)
 *(.jumptables)
 *(.jumptables*)
 *(.lowtext)
 *(.lowtext*)
                0x000000cc                __ctors_start = .
 *(.ctors)
                0x000000cc                __ctors_end = .
                0x000000cc                __dtors_start = .
 *(.dtors)
                0x000000cc                __dtors_end = .
 SORT(*)(.ctors)
 SORT(*)(.dtors)
 *(.init0)
 .init0         0x000000cc        0x0 C:/Program Files (x86)/Atmel/Studio/7.0/Packs/atmel/ATmega_DFP/1.0.90/gcc/dev/atmega1284p/avr51/crtatmega1284p.o
                0x000000cc                __init
 *(.init0)
 *(.init1)
 *(.init1)
 *(.init2)
 .init2         0x000000cc        0xc C:/Program Files (x86)/Atmel/Studio/7.0/Packs/atmel/ATmega_DFP/1.0.90/gcc/dev/atmega1284p/avr51/crtatmega1284p.o
 *(.init2)
 *(.init3)
 *(.init3)
 *(.init4)
 .init4         0x000000d8       0x1a c:/program files (x86)/atmel/studio/7.0/toolchain/avr8/avr8-gnu-toolchain/bin/../lib/gcc/avr/4.9.2/avr51\libgcc.a(_copy_data.o)
                0x000000d8                __do_copy_data
 .init4         0x000000f2       0x10 c:/program files (x86)/atmel/studio/7.0/toolchain/avr8/avr8-gnu-toolchain/bin/../lib/gcc/avr/4.9.2/avr51\libgcc.a(_clear_bss.o)
                0x000000f2                __do_clear_bss
 *(.init4)
 *(.init5)
 *(.init5)
 *(.init6)
 *(.init6)
 *(.init7)
 *(.init7)
 *(.init8)
 *(.init8)
 *(.init9)
 .init9         0x00000102        0x8 C:/Program Files (x86)/Atmel/Studio/7.0/Packs/atmel/ATmega_DFP/1.0.90/gcc/dev/atmega1284p/avr51/crtatmega1284p.o
 *(.init9)
 *(.text)
 .text          0x0000010a        0x2 C:/Program Files (x86)/Atmel/Studio/7.0/Packs/atmel/ATmega_DFP/1.0.90/gcc/dev/atmega1284p/avr51/crtatmega1284p.o
                0x0000010a                __vector_22
                0x0000010a                __vector_28
                0x0000010a                __vector_1
                0x0000010a                __vector_34
                0x0000010a                __vector_24
                0x0000010a                __vector_12
                0x0000010a                __bad_interrupt
                0x0000010a                __vector_6
                0x0000010a                __vector_31
                0x0000010a                __vector_3
                0x0000010a                __vector_23
                0x0000010a                __vector_30
                0x0000010a                __vector_25
                0x0000010a                __vector_11
                0x0000010a                __vector_13
                0x0000010a                __vector_17
                0x0000010a                __vector_19
                0x0000010a                __vector_7
                0x0000010a                __vector_27
                0x0000010a                __vector_5
                0x0000010a                __vector_33
                0x0000010a                __vector_4
                0x0000010a                __vector_9
                0x0000010a                __vector_2
                0x0000010a                __vector_21
                0x0000010a                __vector_15
                0x0000010a                __vector_29
                0x0000010a                __vector_8
                0x0000010a                __vector_14
                0x0000010a                __vector_10
                0x0000010a                __vector_16
                0x0000010a                __vector_18
                0x0000010a                __vector_20
                0x0000010c                . = ALIGN (0x2)
 *(.text.*)
 .text.__vector_26
                0x0000010c      0x148 BusSlave.o
                0x0000010c                __vector_26
 .text.initBuss
                0x00000254        0xc BusSlave.o
                0x00000254                initBuss
 .text.updateBusValues
                0x00000260       0xee BusValues.o
                0x00000260                updateBusValues
 .text.intToBitArray
                0x0000034e       0x2e DebugHelp.o
                0x0000034e                intToBitArray
 .text.displayBinaryNumber
                0x0000037c       0x8c DebugHelp.o
                0x0000037c                displayBinaryNumber
 .text.grab_object
                0x00000408        0xa GrippingClaw.o
                0x00000408                grab_object
 .text.init_gripping_claw_timer
                0x00000412       0x38 GrippingClaw.o
                0x00000412                init_gripping_claw_timer
 .text.stop     0x0000044a        0x8 MotorController.o
                0x0000044a                stop
 .text.drive_general
                0x00000452       0x34 MotorController.o
                0x00000452                drive_general
 .text.drive_forward
                0x00000486        0x6 MotorController.o
                0x00000486                drive_forward
 .text.drive_backwards
                0x0000048c        0xc MotorController.o
                0x0000048c                drive_backwards
 .text.rotate_left
                0x00000498        0xc MotorController.o
                0x00000498                rotate_left
 .text.rotate_right
                0x000004a4        0xc MotorController.o
                0x000004a4                rotate_right
 .text.init_motor_timers
                0x000004b0       0x40 MotorController.o
                0x000004b0                init_motor_timers
 .text.convertToMotorData
                0x000004f0      0x1c6 MotorController.o
                0x000004f0                convertToMotorData
 .text.initLabyrinthMemory
                0x000006b6       0x70 NewLabyrinthMemory.o
                0x000006b6                initLabyrinthMemory
 .text.oppositeDirection
                0x00000726       0x24 NewLabyrinthMemory.o
                0x00000726                oppositeDirection
 .text.getGlobalDirection
                0x0000074a       0x7c NewLabyrinthMemory.o
                0x0000074a                getGlobalDirection
 .text.addNode  0x000007c6        0x2 NewLabyrinthMemory.o
                0x000007c6                addNode
 .text.moveInLabyrinth
                0x000007c8       0x70 NewLabyrinthMemory.o
                0x000007c8                moveInLabyrinth
 .text.turnInLabyrinth
                0x00000838        0x8 NewLabyrinthMemory.o
                0x00000838                turnInLabyrinth
 .text.getNodeTypeInDir
                0x00000840       0xfe NewLabyrinthMemory.o
                0x00000840                getNodeTypeInDir
 .text.isCrossing
                0x0000093e       0x7e NewLabyrinthMemory.o
                0x0000093e                isCrossing
 .text.transformToDirectionList
                0x000009bc      0x326 NewLabyrinthMemory.o
                0x000009bc                transformToDirectionList
 .text.getNewX  0x00000ce2       0x14 NewLabyrinthMemory.o
                0x00000ce2                getNewX
 .text.getNewY  0x00000cf6       0x12 NewLabyrinthMemory.o
                0x00000cf6                getNewY
 .text.findBestPath
                0x00000d08      0x56e NewLabyrinthMemory.o
                0x00000d08                findBestPath
 .text.shouldIGoThisWay
                0x00001276       0x1a NewLabyrinthMemory.o
                0x00001276                shouldIGoThisWay
 .text.activatedSensors
                0x00001290       0x46 ObjectDetection.o
                0x00001290                activatedSensors
 .text.objectFinder
                0x000012d6       0x16 ObjectDetection.o
                0x000012d6                objectFinder
 .text.objectCentering
                0x000012ec       0x96 ObjectDetection.o
                0x000012ec                objectCentering
 .text.reglering
                0x00001382       0x56 PDController.o
                0x00001382                reglering
 .text.rotating_left
                0x000013d8       0x54 RotateCrossing.o
                0x000013d8                rotating_left
 .text.rotating_right
                0x0000142c       0x54 RotateCrossing.o
                0x0000142c                rotating_right
 .text.turn_around
                0x00001480       0x5a RotateCrossing.o
                0x00001480                turn_around
 .text.correct_req_current_angle
                0x000014da       0x20 RotateCrossing.o
                0x000014da                correct_req_current_angle
 .text.enter_mid_before_rotating_right
                0x000014fa       0x6c RotateCrossing.o
                0x000014fa                enter_mid_before_rotating_right
 .text.enter_mid_before_rotating_left
                0x00001566       0x6c RotateCrossing.o
                0x00001566                enter_mid_before_rotating_left
 .text.startTurnAround
                0x000015d2       0x16 RotateCrossing.o
                0x000015d2                startTurnAround
 .text.in_junction
                0x000015e8       0x2a RotateCrossing.o
                0x000015e8                in_junction
 .text.check_if_junction_and_follow_path
                0x00001612      0x12a RotateCrossing.o
                0x00001612                check_if_junction_and_follow_path
 .text.out_of_junction
                0x0000173c       0x2a RotateCrossing.o
                0x0000173c                out_of_junction
 .text.exit_junction_left
                0x00001766       0x10 RotateCrossing.o
                0x00001766                exit_junction_left
 .text.exit_junction_right
                0x00001776        0xe RotateCrossing.o
                0x00001776                exit_junction_right
 .text.exit_junction_forward_in_left_crossing
                0x00001784        0xe RotateCrossing.o
                0x00001784                exit_junction_forward_in_left_crossing
 .text.exit_junction_forward_in_right_crossing
                0x00001792        0xe RotateCrossing.o
                0x00001792                exit_junction_forward_in_right_crossing
 .text.partly_open
                0x000017a0       0x2a RotateCrossing.o
                0x000017a0                partly_open
 .text.check_if_junction_and_keep_right
                0x000017ca      0x158 RotateCrossing.o
                0x000017ca                check_if_junction_and_keep_right
 .text.corridor_robot_skewness
                0x00001922       0x8e SensorAlgorithm.o
                0x00001922                corridor_robot_skewness
 .text.corridor_side_position
                0x000019b0       0xc8 SensorAlgorithm.o
                0x000019b0                corridor_side_position
 .text.driveForwardPD
                0x00001a78      0x142 SteeringModule.o
                0x00001a78                driveForwardPD
 .text.main     0x00001bba      0x354 SteeringModule.o
                0x00001bba                main
 .text.__vector_32
                0x00001f0e      0x120 TimerForCalculatingDistances.o
                0x00001f0e                __vector_32
 .text.initDistanceTimer
                0x0000202e       0x3c TimerForCalculatingDistances.o
                0x0000202e                initDistanceTimer
 .text.startMeasuringDistance
                0x0000206a        0x8 TimerForCalculatingDistances.o
                0x0000206a                startMeasuringDistance
 .text.stopMeasuringDistance
                0x00002072        0x6 TimerForCalculatingDistances.o
                0x00002072                stopMeasuringDistance
 .text.startMeasuringRotateTime
                0x00002078        0x8 TimerForCalculatingDistances.o
                0x00002078                startMeasuringRotateTime
 .text.stopMeasuringRotateTime
                0x00002080        0x6 TimerForCalculatingDistances.o
                0x00002080                stopMeasuringRotateTime
 .text.avr-libc.fplib
                0x00002086        0xa c:/program files (x86)/atmel/studio/7.0/toolchain/avr8/avr8-gnu-toolchain/bin/../lib/gcc/avr/4.9.2/../../../../avr/lib/avr51\libm.a(addsf3.o)
                0x00002086                __subsf3
                0x00002088                __addsf3
 .text.avr-libc.fplib
                0x00002090       0xc0 c:/program files (x86)/atmel/studio/7.0/toolchain/avr8/avr8-gnu-toolchain/bin/../lib/gcc/avr/4.9.2/../../../../avr/lib/avr51\libm.a(addsf3x.o)
                0x000020aa                __addsf3x
 .text.avr-libc.fplib
                0x00002150        0x8 c:/program files (x86)/atmel/studio/7.0/toolchain/avr8/avr8-gnu-toolchain/bin/../lib/gcc/avr/4.9.2/../../../../avr/lib/avr51\libm.a(cmpsf2.o)
                0x00002150                __nesf2
                0x00002150                __eqsf2
                0x00002150                __cmpsf2
                0x00002150                __ltsf2
                0x00002150                __lesf2
 .text.avr-libc.fplib
                0x00002158        0xa c:/program files (x86)/atmel/studio/7.0/toolchain/avr8/avr8-gnu-toolchain/bin/../lib/gcc/avr/4.9.2/../../../../avr/lib/avr51\libm.a(fixsfsi.o)
                0x00002158                __fixsfsi
 .text.avr-libc.fplib
                0x00002162       0x58 c:/program files (x86)/atmel/studio/7.0/toolchain/avr8/avr8-gnu-toolchain/bin/../lib/gcc/avr/4.9.2/../../../../avr/lib/avr51\libm.a(fixunssfsi.o)
                0x00002162                __fixunssfsi
 .text.avr-libc.fplib
                0x000021ba       0x7a c:/program files (x86)/atmel/studio/7.0/toolchain/avr8/avr8-gnu-toolchain/bin/../lib/gcc/avr/4.9.2/../../../../avr/lib/avr51\libm.a(floatsisf.o)
                0x000021ba                __floatunsisf
                0x000021be                __floatsisf
 .text.avr-libc.fplib
                0x00002234       0x48 c:/program files (x86)/atmel/studio/7.0/toolchain/avr8/avr8-gnu-toolchain/bin/../lib/gcc/avr/4.9.2/../../../../avr/lib/avr51\libm.a(fp_cmp.o)
                0x00002234                __fp_cmp
 .text.avr-libc.fplib
                0x0000227c        0xc c:/program files (x86)/atmel/studio/7.0/toolchain/avr8/avr8-gnu-toolchain/bin/../lib/gcc/avr/4.9.2/../../../../avr/lib/avr51\libm.a(fp_inf.o)
                0x0000227c                __fp_inf
 .text.avr-libc.fplib
                0x00002288        0x6 c:/program files (x86)/atmel/studio/7.0/toolchain/avr8/avr8-gnu-toolchain/bin/../lib/gcc/avr/4.9.2/../../../../avr/lib/avr51\libm.a(fp_nan.o)
                0x00002288                __fp_nan
 .text.avr-libc.fplib
                0x0000228e        0xe c:/program files (x86)/atmel/studio/7.0/toolchain/avr8/avr8-gnu-toolchain/bin/../lib/gcc/avr/4.9.2/../../../../avr/lib/avr51\libm.a(fp_pscA.o)
                0x0000228e                __fp_pscA
 .text.avr-libc.fplib
                0x0000229c        0xe c:/program files (x86)/atmel/studio/7.0/toolchain/avr8/avr8-gnu-toolchain/bin/../lib/gcc/avr/4.9.2/../../../../avr/lib/avr51\libm.a(fp_pscB.o)
                0x0000229c                __fp_pscB
 .text.avr-libc.fplib
                0x000022aa       0x22 c:/program files (x86)/atmel/studio/7.0/toolchain/avr8/avr8-gnu-toolchain/bin/../lib/gcc/avr/4.9.2/../../../../avr/lib/avr51\libm.a(fp_round.o)
                0x000022aa                __fp_round
 .text.avr-libc.fplib
                0x000022cc       0x44 c:/program files (x86)/atmel/studio/7.0/toolchain/avr8/avr8-gnu-toolchain/bin/../lib/gcc/avr/4.9.2/../../../../avr/lib/avr51\libm.a(fp_split3.o)
                0x000022cc                __fp_split3
                0x000022dc                __fp_splitA
 .text.avr-libc.fplib
                0x00002310        0xe c:/program files (x86)/atmel/studio/7.0/toolchain/avr8/avr8-gnu-toolchain/bin/../lib/gcc/avr/4.9.2/../../../../avr/lib/avr51\libm.a(fp_zero.o)
                0x00002310                __fp_zero
                0x00002312                __fp_szero
 .text.avr-libc.fplib
                0x0000231e        0x8 c:/program files (x86)/atmel/studio/7.0/toolchain/avr8/avr8-gnu-toolchain/bin/../lib/gcc/avr/4.9.2/../../../../avr/lib/avr51\libm.a(gesf2.o)
                0x0000231e                __gesf2
                0x0000231e                __gtsf2
 .text.avr-libc.fplib
                0x00002326        0x4 c:/program files (x86)/atmel/studio/7.0/toolchain/avr8/avr8-gnu-toolchain/bin/../lib/gcc/avr/4.9.2/../../../../avr/lib/avr51\libm.a(mulsf3.o)
                0x00002326                __mulsf3
 .text.avr-libc.fplib
                0x0000232a       0xc2 c:/program files (x86)/atmel/studio/7.0/toolchain/avr8/avr8-gnu-toolchain/bin/../lib/gcc/avr/4.9.2/../../../../avr/lib/avr51\libm.a(mulsf3x.o)
                0x0000233e                __mulsf3x
                0x00002342                __mulsf3_pse
 .text.libgcc   0x000023ec       0x12 c:/program files (x86)/atmel/studio/7.0/toolchain/avr8/avr8-gnu-toolchain/bin/../lib/gcc/avr/4.9.2/avr51\libgcc.a(_tablejump2.o)
                0x000023ec                __tablejump2__
                0x000023fe                . = ALIGN (0x2)
 *(.fini9)
 .fini9         0x000023fe        0x0 c:/program files (x86)/atmel/studio/7.0/toolchain/avr8/avr8-gnu-toolchain/bin/../lib/gcc/avr/4.9.2/avr51\libgcc.a(_exit.o)
                0x000023fe                _exit
                0x000023fe                exit
 *(.fini9)
 *(.fini8)
 *(.fini8)
 *(.fini7)
 *(.fini7)
 *(.fini6)
 *(.fini6)
 *(.fini5)
 *(.fini5)
 *(.fini4)
 *(.fini4)
 *(.fini3)
 *(.fini3)
 *(.fini2)
 *(.fini2)
 *(.fini1)
 *(.fini1)
 *(.fini0)
 .fini0         0x000023fe        0x4 c:/program files (x86)/atmel/studio/7.0/toolchain/avr8/avr8-gnu-toolchain/bin/../lib/gcc/avr/4.9.2/avr51\libgcc.a(_exit.o)
 *(.fini0)
                0x00002402                _etext = .

.data           0x00800100        0xa load address 0x00002402
                0x00800100                PROVIDE (__data_start, .)
 *(.data)
 *(.data*)
 .data.rotateTime
                0x00800100        0x2 RotateCrossing.o
 .data.IR_threshold
                0x00800102        0x2 RotateCrossing.o
 .data.IR_threshold
                0x00800104        0x2 SensorAlgorithm.o
                0x00800104                IR_threshold
 *(.rodata)
 *(.rodata*)
 .rodata.str1.1
                0x00800106        0x4 SteeringModule.o
 *(.gnu.linkonce.d*)
                0x0080010a                . = ALIGN (0x2)
                0x0080010a                _edata = .
                0x0080010a                PROVIDE (__data_end, .)

.bss            0x0080010a      0x216
                0x0080010a                PROVIDE (__bss_start, .)
 *(.bss)
 *(.bss*)
 .bss.pastFirstLine
                0x0080010a        0x1 ObjectDetection.o
                0x0080010a                pastFirstLine
 .bss.errorCount
                0x0080010b        0x2 RotateCrossing.o
                0x0080010b                errorCount
 .bss.requested_vertical_value
                0x0080010d        0x2 RotateCrossing.o
                0x0080010d                requested_vertical_value
 .bss.rotating  0x0080010f        0x1 TimerForCalculatingDistances.o
                0x0080010f                rotating
 .bss.measure   0x00800110        0x1 TimerForCalculatingDistances.o
                0x00800110                measure
 *(COMMON)
 COMMON         0x00800111       0x38 BusSlave.o
                0x00800111                IRBR
                0x00800113                distanceFront
                0x00800115                TWIdata
                0x00800117                TWIcounter
                0x00800119                IRFR
                0x0080011b                mode
                0x0080011d                currentAngle
                0x0080011f                bitArray
                0x0080013f                distanceBack
                0x00800141                startbutton
                0x00800143                reflex
                0x00800145                IRFL
                0x00800147                IRBL
 COMMON         0x00800149        0x4 MotorController.o
                0x00800149                rotateSpeed
                0x0080014b                defaultSpeed
 COMMON         0x0080014d      0x1c3 NewLabyrinthMemory.o
                0x0080014d                lastDirection
                0x0080014e                justFoundTape
                0x0080014f                currentY
                0x00800151                bestPathLength
                0x00800153                currentStepInPath
                0x00800155                bestPath
                0x0080021d                currentX
                0x0080021f                bestDirectionPath
                0x00800251                labyrinthmode
                0x00800252                labyrinth
 COMMON         0x00800310        0x1 ObjectDetection.o
                0x00800310                current_mode
 COMMON         0x00800311        0xf RotateCrossing.o
                0x00800311                timeTraveled
                0x00800315                requested_current_angle
                0x00800317                exiting_junction
                0x00800319                current_useful_ultrasound
                0x0080031a                rotatedTime
                0x0080031e                goingIn
                0x00800320                PROVIDE (__bss_end, .)
                0x00002402                __data_load_start = LOADADDR (.data)
                0x0000240c                __data_load_end = (__data_load_start + SIZEOF (.data))

.noinit         0x00800320        0x0
                0x00800320                PROVIDE (__noinit_start, .)
 *(.noinit*)
                0x00800320                PROVIDE (__noinit_end, .)
                0x00800320                _end = .
                0x00800320                PROVIDE (__heap_start, .)

.eeprom         0x00810000        0x0
 *(.eeprom*)
                0x00810000                __eeprom_end = .

.fuse
 *(.fuse)
 *(.lfuse)
 *(.hfuse)
 *(.efuse)

.lock
 *(.lock*)

.signature
 *(.signature*)

.user_signatures
 *(.user_signatures*)

.stab
 *(.stab)

.stabstr
 *(.stabstr)

.stab.excl
 *(.stab.excl)

.stab.exclstr
 *(.stab.exclstr)

.stab.index
 *(.stab.index)

.stab.indexstr
 *(.stab.indexstr)

.comment        0x00000000       0x30
 *(.comment)
 .comment       0x00000000       0x30 BusSlave.o
                                 0x31 (size before relaxing)
 .comment       0x00000030       0x31 BusValues.o
 .comment       0x00000030       0x31 DebugHelp.o
 .comment       0x00000030       0x31 GrippingClaw.o
 .comment       0x00000030       0x31 MotorController.o
 .comment       0x00000030       0x31 NewLabyrinthMemory.o
 .comment       0x00000030       0x31 ObjectDetection.o
 .comment       0x00000030       0x31 PDController.o
 .comment       0x00000030       0x31 RotateCrossing.o
 .comment       0x00000030       0x31 SensorAlgorithm.o
 .comment       0x00000030       0x31 SteeringModule.o
 .comment       0x00000030       0x31 TimerForCalculatingDistances.o

.note.gnu.avr.deviceinfo
                0x00000000       0x40
 .note.gnu.avr.deviceinfo
                0x00000000       0x40 C:/Program Files (x86)/Atmel/Studio/7.0/Packs/atmel/ATmega_DFP/1.0.90/gcc/dev/atmega1284p/avr51/crtatmega1284p.o

.note.gnu.build-id
 *(.note.gnu.build-id)

.debug
 *(.debug)

.line
 *(.line)

.debug_srcinfo
 *(.debug_srcinfo)

.debug_sfnames
 *(.debug_sfnames)

.debug_aranges  0x00000000      0x308
 *(.debug_aranges)
 .debug_aranges
                0x00000000       0x28 BusSlave.o
 .debug_aranges
                0x00000028       0x20 BusValues.o
 .debug_aranges
                0x00000048       0x28 DebugHelp.o
 .debug_aranges
                0x00000070       0x28 GrippingClaw.o
 .debug_aranges
                0x00000098       0x58 MotorController.o
 .debug_aranges
                0x000000f0       0x88 NewLabyrinthMemory.o
 .debug_aranges
                0x00000178       0x30 ObjectDetection.o
 .debug_aranges
                0x000001a8       0x20 PDController.o
 .debug_aranges
                0x000001c8       0xa8 RotateCrossing.o
 .debug_aranges
                0x00000270       0x28 SensorAlgorithm.o
 .debug_aranges
                0x00000298       0x28 SteeringModule.o
 .debug_aranges
                0x000002c0       0x48 TimerForCalculatingDistances.o

.debug_pubnames
 *(.debug_pubnames)

.debug_info     0x00000000     0x32ed
 *(.debug_info .gnu.linkonce.wi.*)
 .debug_info    0x00000000      0x201 BusSlave.o
 .debug_info    0x00000201      0x126 BusValues.o
 .debug_info    0x00000327      0x1a8 DebugHelp.o
 .debug_info    0x000004cf      0x10f GrippingClaw.o
 .debug_info    0x000005de      0x322 MotorController.o
 .debug_info    0x00000900      0x8ef NewLabyrinthMemory.o
 .debug_info    0x000011ef      0x424 ObjectDetection.o
 .debug_info    0x00001613      0x1a0 PDController.o
 .debug_info    0x000017b3      0xc9c RotateCrossing.o
 .debug_info    0x0000244f      0x196 SensorAlgorithm.o
 .debug_info    0x000025e5      0x9f3 SteeringModule.o
 .debug_info    0x00002fd8      0x315 TimerForCalculatingDistances.o

.debug_abbrev   0x00000000      0xebd
 *(.debug_abbrev)
 .debug_abbrev  0x00000000       0xea BusSlave.o
 .debug_abbrev  0x000000ea       0x71 BusValues.o
 .debug_abbrev  0x0000015b      0x121 DebugHelp.o
 .debug_abbrev  0x0000027c       0xc7 GrippingClaw.o
 .debug_abbrev  0x00000343      0x103 MotorController.o
 .debug_abbrev  0x00000446      0x2b8 NewLabyrinthMemory.o
 .debug_abbrev  0x000006fe      0x199 ObjectDetection.o
 .debug_abbrev  0x00000897       0xc6 PDController.o
 .debug_abbrev  0x0000095d      0x237 RotateCrossing.o
 .debug_abbrev  0x00000b94       0x96 SensorAlgorithm.o
 .debug_abbrev  0x00000c2a      0x1e3 SteeringModule.o
 .debug_abbrev  0x00000e0d       0xb0 TimerForCalculatingDistances.o

.debug_line     0x00000000     0x1ced
 *(.debug_line .debug_line.* .debug_line_end)
 .debug_line    0x00000000      0x171 BusSlave.o
 .debug_line    0x00000171       0xef BusValues.o
 .debug_line    0x00000260      0x113 DebugHelp.o
 .debug_line    0x00000373       0xec GrippingClaw.o
 .debug_line    0x0000045f      0x26d MotorController.o
 .debug_line    0x000006cc      0x7eb NewLabyrinthMemory.o
 .debug_line    0x00000eb7      0x1c0 ObjectDetection.o
 .debug_line    0x00001077       0xd0 PDController.o
 .debug_line    0x00001147      0x46c RotateCrossing.o
 .debug_line    0x000015b3      0x133 SensorAlgorithm.o
 .debug_line    0x000016e6      0x458 SteeringModule.o
 .debug_line    0x00001b3e      0x1af TimerForCalculatingDistances.o

.debug_frame    0x00000000      0x820
 *(.debug_frame)
 .debug_frame   0x00000000       0x7c BusSlave.o
 .debug_frame   0x0000007c       0x24 BusValues.o
 .debug_frame   0x000000a0       0x6c DebugHelp.o
 .debug_frame   0x0000010c       0x34 GrippingClaw.o
 .debug_frame   0x00000140       0xc4 MotorController.o
 .debug_frame   0x00000204      0x1b0 NewLabyrinthMemory.o
 .debug_frame   0x000003b4       0x50 ObjectDetection.o
 .debug_frame   0x00000404       0x58 PDController.o
 .debug_frame   0x0000045c      0x280 RotateCrossing.o
 .debug_frame   0x000006dc       0x34 SensorAlgorithm.o
 .debug_frame   0x00000710       0x54 SteeringModule.o
 .debug_frame   0x00000764       0xbc TimerForCalculatingDistances.o

.debug_str      0x00000000      0xc34
 *(.debug_str)
 .debug_str     0x00000000      0x1ff BusSlave.o
                                0x23d (size before relaxing)
 .debug_str     0x000001ff       0x17 BusValues.o
                                0x18e (size before relaxing)
 .debug_str     0x00000216       0x55 DebugHelp.o
                                0x1e9 (size before relaxing)
 .debug_str     0x0000026b       0x50 GrippingClaw.o
                                0x1e4 (size before relaxing)
 .debug_str     0x000002bb       0xce MotorController.o
                                0x267 (size before relaxing)
 .debug_str     0x00000389      0x2bc NewLabyrinthMemory.o
                                0x46f (size before relaxing)
 .debug_str     0x00000645      0x172 ObjectDetection.o
                                0x364 (size before relaxing)
 .debug_str     0x000007b7       0x61 PDController.o
                                0x1f6 (size before relaxing)
 .debug_str     0x00000818      0x2ce RotateCrossing.o
                                0x75a (size before relaxing)
 .debug_str     0x00000ae6       0x59 SensorAlgorithm.o
                                0x20f (size before relaxing)
 .debug_str     0x00000b3f       0xb4 SteeringModule.o
                                0x75f (size before relaxing)
 .debug_str     0x00000bf3       0x41 TimerForCalculatingDistances.o
                                0x3ab (size before relaxing)

.debug_loc      0x00000000     0x29c8
 *(.debug_loc)
 .debug_loc     0x00000000      0x10b BusSlave.o
 .debug_loc     0x0000010b      0x108 BusValues.o
 .debug_loc     0x00000213      0x1cc DebugHelp.o
 .debug_loc     0x000003df      0x315 MotorController.o
 .debug_loc     0x000006f4      0xbf1 NewLabyrinthMemory.o
 .debug_loc     0x000012e5      0x181 ObjectDetection.o
 .debug_loc     0x00001466      0x1af PDController.o
 .debug_loc     0x00001615      0xe0e RotateCrossing.o
 .debug_loc     0x00002423      0x411 SensorAlgorithm.o
 .debug_loc     0x00002834       0xc9 SteeringModule.o
 .debug_loc     0x000028fd       0xcb TimerForCalculatingDistances.o

.debug_macinfo
 *(.debug_macinfo)

.debug_weaknames
 *(.debug_weaknames)

.debug_funcnames
 *(.debug_funcnames)

.debug_typenames
 *(.debug_typenames)

.debug_varnames
 *(.debug_varnames)

.debug_pubtypes
 *(.debug_pubtypes)

.debug_ranges   0x00000000      0x328
 *(.debug_ranges)
 .debug_ranges  0x00000000       0x18 BusSlave.o
 .debug_ranges  0x00000018       0x10 BusValues.o
 .debug_ranges  0x00000028       0x18 DebugHelp.o
 .debug_ranges  0x00000040       0x18 GrippingClaw.o
 .debug_ranges  0x00000058       0x48 MotorController.o
 .debug_ranges  0x000000a0      0x158 NewLabyrinthMemory.o
 .debug_ranges  0x000001f8       0x20 ObjectDetection.o
 .debug_ranges  0x00000218       0x10 PDController.o
 .debug_ranges  0x00000228       0x98 RotateCrossing.o
 .debug_ranges  0x000002c0       0x18 SensorAlgorithm.o
 .debug_ranges  0x000002d8       0x18 SteeringModule.o
 .debug_ranges  0x000002f0       0x38 TimerForCalculatingDistances.o

.debug_macro
 *(.debug_macro)
OUTPUT(Styrmodul_6_2.elf elf32-avr)
LOAD linker stubs
